// Jest Snapshot v1, https://goo.gl/fbAQLP

exports[`Modal Render wish list component with size medium 1`] = `
<div
  className="css-view-1dbjc4n r-bottom-1p0dtai r-display-1adg3ll r-left-1d2f490 r-position-1xcajam r-right-zchlnj r-top-ipm5af r-zIndex-1sg8ghl"
/>
`;

exports[`Modal Render wish list component with titel 1`] = `
<div
  className="css-view-1dbjc4n r-bottom-1p0dtai r-display-1adg3ll r-left-1d2f490 r-position-1xcajam r-right-zchlnj r-top-ipm5af r-zIndex-1sg8ghl"
/>
`;

exports[`Modal Renders correctly modal commponent 1`] = `
<div
  className="css-view-1dbjc4n r-bottom-1p0dtai r-display-1adg3ll r-left-1d2f490 r-position-1xcajam r-right-zchlnj r-top-ipm5af r-zIndex-1sg8ghl"
/>
`;
