// Jest Snapshot v1, https://goo.gl/fbAQLP

exports[`CommentList component CommentList renders correctly 1`] = `
<View>
  <Text
    accessible={true}
    allowFontScaling={true}
    ellipsizeMode="tail"
    style={
      Object {
        "marginTop": 5,
      }
    }
  >
    <Text
      accessible={true}
      allowFontScaling={true}
      ellipsizeMode="tail"
      style={
        Object {
          "fontWeight": "bold",
        }
      }
    >
      user2
    </Text>
    : Second comment
  </Text>
</View>
`;
