// Jest Snapshot v1, https://goo.gl/fbAQLP

exports[`PostAuthor component Renders correctly 1`] = `
<View
  style={
    Array [
      Object {
        "alignItems": "center",
        "padding": 10,
      },
      Object {
        "flex": 1,
        "flexDirection": "row",
      },
    ]
  }
>
  <Image
    source={
      Object {
        "uri": "",
      }
    }
    style={
      Object {
        "borderRadius": 15,
        "height": 30,
        "marginRight": 10,
        "width": 30,
      }
    }
  />
  <Text
    accessible={true}
    allowFontScaling={true}
    ellipsizeMode="tail"
  >
    instagram
  </Text>
</View>
`;
