// Jest Snapshot v1, https://goo.gl/fbAQLP

exports[`AccountScreen Renders correctly 1`] = `
<View
  style={
    Object {
      "flex": 1,
      "flexDirection": "column",
    }
  }
>
  <View
    style={
      Object {
        "borderBottomColor": "#eee",
        "borderBottomWidth": 1,
        "height": 150,
      }
    }
  >
    <View
      style={
        Array [
          Object {
            "padding": 10,
          },
          Object {
            "flex": 1,
            "flexDirection": "column",
          },
        ]
      }
    >
      <View
        style={
          Object {
            "alignItems": "center",
            "flexDirection": "row",
            "marginBottom": 10,
          }
        }
      >
        <Image
          source={
            Object {
              "uri": undefined,
            }
          }
          style={
            Object {
              "borderRadius": 40,
              "height": 80,
              "width": 80,
            }
          }
        />
        <Text
          accessible={true}
          allowFontScaling={true}
          ellipsizeMode="tail"
          style={
            Array [
              Object {
                "fontSize": 24,
                "marginLeft": 20,
              },
              Object {
                "fontWeight": "bold",
              },
            ]
          }
        />
      </View>
      <Text
        accessible={true}
        allowFontScaling={true}
        ellipsizeMode="tail"
      >
        <Text
          accessible={true}
          allowFontScaling={true}
          ellipsizeMode="tail"
          style={
            Object {
              "fontWeight": "bold",
            }
          }
        />
         - 
      </Text>
    </View>
  </View>
  <View
    style={
      Object {
        "marginTop": 5,
        "padding": 0,
      }
    }
  >
    <RCTScrollView
      disableVirtualization={false}
      getItem={[Function]}
      getItemCount={[Function]}
      horizontal={false}
      initialNumToRender={10}
      keyExtractor={[Function]}
      maxToRenderPerBatch={10}
      numColumns={3}
      onContentSizeChange={[Function]}
      onEndReachedThreshold={2}
      onLayout={[Function]}
      onMomentumScrollEnd={[Function]}
      onScroll={[Function]}
      onScrollBeginDrag={[Function]}
      onScrollEndDrag={[Function]}
      photos={Array []}
      renderItem={[Function]}
      scrollEventThrottle={50}
      stickyHeaderIndices={Array []}
      updateCellsBatchingPeriod={50}
      viewabilityConfigCallbackPairs={Array []}
      windowSize={21}
    >
      <View />
    </RCTScrollView>
  </View>
</View>
`;
