// Jest Snapshot v1, https://goo.gl/fbAQLP

exports[`Info component Renders correctly 1`] = `
<View
  style={
    Array [
      Object {
        "padding": 10,
      },
      Object {
        "flex": 1,
        "flexDirection": "column",
      },
    ]
  }
>
  <View
    style={
      Object {
        "alignItems": "center",
        "flexDirection": "row",
        "marginBottom": 10,
      }
    }
  >
    <Image
      source={
        Object {
          "uri": undefined,
        }
      }
      style={
        Object {
          "borderRadius": 40,
          "height": 80,
          "width": 80,
        }
      }
    />
    <Text
      accessible={true}
      allowFontScaling={true}
      ellipsizeMode="tail"
      style={
        Array [
          Object {
            "fontSize": 24,
            "marginLeft": 20,
          },
          Object {
            "fontWeight": "bold",
          },
        ]
      }
    />
  </View>
  <Text
    accessible={true}
    allowFontScaling={true}
    ellipsizeMode="tail"
  >
    <Text
      accessible={true}
      allowFontScaling={true}
      ellipsizeMode="tail"
      style={
        Object {
          "fontWeight": "bold",
        }
      }
    />
     - 
  </Text>
</View>
`;
