// Jest Snapshot v1, https://goo.gl/fbAQLP

exports[`renders correctly 1`] = `
<div
  className="css-view-1dbjc4n"
>
  <div
    className="css-view-1dbjc4n r-backgroundColor-14lw9ot r-borderColor-34efmp r-borderWidth-rs99b7 r-paddingLeft-qhyqy2 r-paddingRight-19gegkz"
  >
    <div
      className="css-view-1dbjc4n"
    >
      <div
        className="css-view-1dbjc4n r-alignItems-1awozwy r-flexDirection-18u37iz r-justifyContent-1wtj0ep r-marginTop-kc8jnq r-paddingLeft-1hfyk0a r-paddingRight-1qfoi16"
      >
        <div
          className="css-view-1dbjc4n r-cursor-1loqt21 r-padding-1sp51qo r-touchAction-1otgn73 r-transitionDuration-eafdt9 r-transitionProperty-1i6wzkk r-userSelect-lrvibr"
          data-focusable={true}
          data-testid="native.calendar.CHANGE_MONTH_LEFT_ARROW"
          onKeyDown={[Function]}
          onKeyUp={[Function]}
          onResponderGrant={[Function]}
          onResponderMove={[Function]}
          onResponderRelease={[Function]}
          onResponderTerminate={[Function]}
          onResponderTerminationRequest={[Function]}
          onStartShouldSetResponder={[Function]}
          tabIndex="0"
        >
          <span
            className="css-hitSlop-mjp8i1"
            style={
              Object {
                "bottom": "-20px",
                "left": "-20px",
                "right": "-20px",
                "top": "-20px",
              }
            }
          />
          <div
            className="css-view-1dbjc4n r-alignItems-1awozwy r-flexDirection-18u37iz"
            style={
              Object {
                "zIndex": -2,
              }
            }
          >
            <div
              className="css-cursor-18t94o4 css-view-1dbjc4n r-alignItems-1awozwy r-backgroundColor-1niwhzg r-borderRadius-6ncur5 r-cursor-1loqt21 r-height-1r8g8re r-justifyContent-1777fci r-margin-5scogr r-overflow-bztko3 r-touchAction-1otgn73 r-userSelect-lrvibr r-width-1acpoxo"
              data-focusable={true}
              disabled={false}
              onKeyDown={[Function]}
              onKeyPress={[Function]}
              onKeyUp={[Function]}
              onResponderGrant={[Function]}
              onResponderMove={[Function]}
              onResponderRelease={[Function]}
              onResponderTerminate={[Function]}
              onResponderTerminationRequest={[Function]}
              onStartShouldSetResponder={[Function]}
              role="button"
              tabIndex="0"
            >
              <span
                className="css-hitSlop-mjp8i1"
                style={
                  Object {
                    "bottom": "-6px",
                    "left": "-6px",
                    "right": "-6px",
                    "top": "-6px",
                  }
                }
              />
              <div
                className="css-view-1dbjc4n"
              >
                <div
                  className="css-text-901oao r-backgroundColor-1niwhzg r-pointerEvents-633pao"
                  dir="auto"
                  focusable={false}
                  role="img"
                  style={
                    Object {
                      "WebkitTransform": "scaleX(1)",
                      "color": "rgba(66,165,245,1.00)",
                      "fontFamily": "MaterialIcons",
                      "fontSize": "20px",
                      "fontStyle": "normal",
                      "fontWeight": "normal",
                      "transform": "scaleX(1)",
                    }
                  }
                >
                  
                </div>
              </div>
            </div>
          </div>
        </div>
        <div
          className="css-view-1dbjc4n r-flexDirection-18u37iz"
        >
          <h1
            className="css-reset-4rbku5 css-text-901oao r-color-zd8e7p r-fontFamily-1qd0xha r-fontSize-ubezar r-fontWeight-1od2jal r-margin-jgcjvd"
            dir="auto"
            role="heading"
          >
            July 2019
          </h1>
        </div>
        <div
          className="css-view-1dbjc4n r-cursor-1loqt21 r-padding-1sp51qo r-touchAction-1otgn73 r-transitionDuration-eafdt9 r-transitionProperty-1i6wzkk r-userSelect-lrvibr"
          data-focusable={true}
          data-testid="native.calendar.CHANGE_MONTH_RIGHT_ARROW"
          onKeyDown={[Function]}
          onKeyUp={[Function]}
          onResponderGrant={[Function]}
          onResponderMove={[Function]}
          onResponderRelease={[Function]}
          onResponderTerminate={[Function]}
          onResponderTerminationRequest={[Function]}
          onStartShouldSetResponder={[Function]}
          tabIndex="0"
        >
          <span
            className="css-hitSlop-mjp8i1"
            style={
              Object {
                "bottom": "-20px",
                "left": "-20px",
                "right": "-20px",
                "top": "-20px",
              }
            }
          />
          <div
            className="css-view-1dbjc4n r-alignItems-1awozwy r-flexDirection-18u37iz"
            style={
              Object {
                "zIndex": -2,
              }
            }
          >
            <div
              className="css-cursor-18t94o4 css-view-1dbjc4n r-alignItems-1awozwy r-backgroundColor-1niwhzg r-borderRadius-6ncur5 r-cursor-1loqt21 r-height-1r8g8re r-justifyContent-1777fci r-margin-5scogr r-overflow-bztko3 r-touchAction-1otgn73 r-userSelect-lrvibr r-width-1acpoxo"
              data-focusable={true}
              disabled={false}
              onKeyDown={[Function]}
              onKeyPress={[Function]}
              onKeyUp={[Function]}
              onResponderGrant={[Function]}
              onResponderMove={[Function]}
              onResponderRelease={[Function]}
              onResponderTerminate={[Function]}
              onResponderTerminationRequest={[Function]}
              onStartShouldSetResponder={[Function]}
              role="button"
              tabIndex="0"
            >
              <span
                className="css-hitSlop-mjp8i1"
                style={
                  Object {
                    "bottom": "-6px",
                    "left": "-6px",
                    "right": "-6px",
                    "top": "-6px",
                  }
                }
              />
              <div
                className="css-view-1dbjc4n"
              >
                <div
                  className="css-text-901oao r-backgroundColor-1niwhzg r-pointerEvents-633pao"
                  dir="auto"
                  focusable={false}
                  role="img"
                  style={
                    Object {
                      "WebkitTransform": "scaleX(1)",
                      "color": "rgba(66,165,245,1.00)",
                      "fontFamily": "MaterialIcons",
                      "fontSize": "20px",
                      "fontStyle": "normal",
                      "fontWeight": "normal",
                      "transform": "scaleX(1)",
                    }
                  }
                >
                  
                </div>
              </div>
            </div>
          </div>
        </div>
      </div>
      <div
        className="css-view-1dbjc4n r-flexDirection-18u37iz r-justifyContent-a2tzq0 r-marginTop-100vyta"
      >
        <div
          className="css-text-901oao css-textOneLine-bfa6kz r-color-jq2gq8 r-fontFamily-1qd0xha r-fontSize-n6v787 r-marginBottom-11mo1y0 r-marginTop-1bymd8e r-textAlign-q4m81j r-width-1yvhtrz"
          dir="auto"
        >
          Sun
        </div>
        <div
          className="css-text-901oao css-textOneLine-bfa6kz r-color-jq2gq8 r-fontFamily-1qd0xha r-fontSize-n6v787 r-marginBottom-11mo1y0 r-marginTop-1bymd8e r-textAlign-q4m81j r-width-1yvhtrz"
          dir="auto"
        >
          Mon
        </div>
        <div
          className="css-text-901oao css-textOneLine-bfa6kz r-color-jq2gq8 r-fontFamily-1qd0xha r-fontSize-n6v787 r-marginBottom-11mo1y0 r-marginTop-1bymd8e r-textAlign-q4m81j r-width-1yvhtrz"
          dir="auto"
        >
          Tue
        </div>
        <div
          className="css-text-901oao css-textOneLine-bfa6kz r-color-jq2gq8 r-fontFamily-1qd0xha r-fontSize-n6v787 r-marginBottom-11mo1y0 r-marginTop-1bymd8e r-textAlign-q4m81j r-width-1yvhtrz"
          dir="auto"
        >
          Wed
        </div>
        <div
          className="css-text-901oao css-textOneLine-bfa6kz r-color-jq2gq8 r-fontFamily-1qd0xha r-fontSize-n6v787 r-marginBottom-11mo1y0 r-marginTop-1bymd8e r-textAlign-q4m81j r-width-1yvhtrz"
          dir="auto"
        >
          Thu
        </div>
        <div
          className="css-text-901oao css-textOneLine-bfa6kz r-color-jq2gq8 r-fontFamily-1qd0xha r-fontSize-n6v787 r-marginBottom-11mo1y0 r-marginTop-1bymd8e r-textAlign-q4m81j r-width-1yvhtrz"
          dir="auto"
        >
          Fri
        </div>
        <div
          className="css-text-901oao css-textOneLine-bfa6kz r-color-jq2gq8 r-fontFamily-1qd0xha r-fontSize-n6v787 r-marginBottom-11mo1y0 r-marginTop-1bymd8e r-textAlign-q4m81j r-width-1yvhtrz"
          dir="auto"
        >
          Sat
        </div>
      </div>
    </div>
    <div
      className="css-view-1dbjc4n r-backgroundColor-14lw9ot"
    >
      <div
        className="css-view-1dbjc4n r-flexDirection-18u37iz r-justifyContent-a2tzq0 r-marginBottom-11mo1y0 r-marginTop-100vyta"
      >
        <div
          className="css-view-1dbjc4n"
          style={
            Object {
              "WebkitBoxFlex": 1,
              "WebkitFlexBasis": "0%",
              "WebkitFlexGrow": 1,
              "WebkitFlexShrink": 1,
              "flexBasis": "0%",
              "flexGrow": 1,
              "flexShrink": 1,
              "msFlexNegative": 1,
              "msFlexPositive": 1,
              "msFlexPreferredSize": "0%",
            }
          }
        />
        <div
          className="css-view-1dbjc4n r-alignItems-1awozwy"
          style={
            Object {
              "WebkitBoxFlex": 1,
              "WebkitFlexBasis": "0%",
              "WebkitFlexGrow": 1,
              "WebkitFlexShrink": 1,
              "flexBasis": "0%",
              "flexGrow": 1,
              "flexShrink": 1,
              "msFlexNegative": 1,
              "msFlexPositive": 1,
              "msFlexPreferredSize": "0%",
            }
          }
        >
          <div
            className="css-view-1dbjc4n r-alignItems-1awozwy r-cursor-1loqt21 r-height-mabqd8 r-touchAction-1otgn73 r-transitionDuration-eafdt9 r-transitionProperty-1i6wzkk r-userSelect-lrvibr r-width-1yvhtrz"
            data-focusable={true}
            data-testid="native.calendar.SELECT_DATE_SLOT-2019-07-01"
            onKeyDown={[Function]}
            onKeyUp={[Function]}
            onResponderGrant={[Function]}
            onResponderMove={[Function]}
            onResponderRelease={[Function]}
            onResponderTerminate={[Function]}
            onResponderTerminationRequest={[Function]}
            onStartShouldSetResponder={[Function]}
            tabIndex="0"
          >
            <div
              className="css-text-901oao r-backgroundColor-1stjixc r-color-zd8e7p r-fontFamily-1qd0xha r-fontSize-ubezar r-fontWeight-1od2jal r-marginTop-kc8jnq"
              dir="auto"
            >
              1
            </div>
          </div>
        </div>
        <div
          className="css-view-1dbjc4n r-alignItems-1awozwy"
          style={
            Object {
              "WebkitBoxFlex": 1,
              "WebkitFlexBasis": "0%",
              "WebkitFlexGrow": 1,
              "WebkitFlexShrink": 1,
              "flexBasis": "0%",
              "flexGrow": 1,
              "flexShrink": 1,
              "msFlexNegative": 1,
              "msFlexPositive": 1,
              "msFlexPreferredSize": "0%",
            }
          }
        >
          <div
            className="css-view-1dbjc4n r-alignItems-1awozwy r-cursor-1loqt21 r-height-mabqd8 r-touchAction-1otgn73 r-transitionDuration-eafdt9 r-transitionProperty-1i6wzkk r-userSelect-lrvibr r-width-1yvhtrz"
            data-focusable={true}
            data-testid="native.calendar.SELECT_DATE_SLOT-2019-07-02"
            onKeyDown={[Function]}
            onKeyUp={[Function]}
            onResponderGrant={[Function]}
            onResponderMove={[Function]}
            onResponderRelease={[Function]}
            onResponderTerminate={[Function]}
            onResponderTerminationRequest={[Function]}
            onStartShouldSetResponder={[Function]}
            tabIndex="0"
          >
            <div
              className="css-text-901oao r-backgroundColor-1stjixc r-color-zd8e7p r-fontFamily-1qd0xha r-fontSize-ubezar r-fontWeight-1od2jal r-marginTop-kc8jnq"
              dir="auto"
            >
              2
            </div>
          </div>
        </div>
        <div
          className="css-view-1dbjc4n r-alignItems-1awozwy"
          style={
            Object {
              "WebkitBoxFlex": 1,
              "WebkitFlexBasis": "0%",
              "WebkitFlexGrow": 1,
              "WebkitFlexShrink": 1,
              "flexBasis": "0%",
              "flexGrow": 1,
              "flexShrink": 1,
              "msFlexNegative": 1,
              "msFlexPositive": 1,
              "msFlexPreferredSize": "0%",
            }
          }
        >
          <div
            className="css-view-1dbjc4n r-alignItems-1awozwy r-cursor-1loqt21 r-height-mabqd8 r-touchAction-1otgn73 r-transitionDuration-eafdt9 r-transitionProperty-1i6wzkk r-userSelect-lrvibr r-width-1yvhtrz"
            data-focusable={true}
            data-testid="native.calendar.SELECT_DATE_SLOT-2019-07-03"
            onKeyDown={[Function]}
            onKeyUp={[Function]}
            onResponderGrant={[Function]}
            onResponderMove={[Function]}
            onResponderRelease={[Function]}
            onResponderTerminate={[Function]}
            onResponderTerminationRequest={[Function]}
            onStartShouldSetResponder={[Function]}
            tabIndex="0"
          >
            <div
              className="css-text-901oao r-backgroundColor-1stjixc r-color-zd8e7p r-fontFamily-1qd0xha r-fontSize-ubezar r-fontWeight-1od2jal r-marginTop-kc8jnq"
              dir="auto"
            >
              3
            </div>
          </div>
        </div>
        <div
          className="css-view-1dbjc4n r-alignItems-1awozwy"
          style={
            Object {
              "WebkitBoxFlex": 1,
              "WebkitFlexBasis": "0%",
              "WebkitFlexGrow": 1,
              "WebkitFlexShrink": 1,
              "flexBasis": "0%",
              "flexGrow": 1,
              "flexShrink": 1,
              "msFlexNegative": 1,
              "msFlexPositive": 1,
              "msFlexPreferredSize": "0%",
            }
          }
        >
          <div
            className="css-view-1dbjc4n r-alignItems-1awozwy r-cursor-1loqt21 r-height-mabqd8 r-touchAction-1otgn73 r-transitionDuration-eafdt9 r-transitionProperty-1i6wzkk r-userSelect-lrvibr r-width-1yvhtrz"
            data-focusable={true}
            data-testid="native.calendar.SELECT_DATE_SLOT-2019-07-04"
            onKeyDown={[Function]}
            onKeyUp={[Function]}
            onResponderGrant={[Function]}
            onResponderMove={[Function]}
            onResponderRelease={[Function]}
            onResponderTerminate={[Function]}
            onResponderTerminationRequest={[Function]}
            onStartShouldSetResponder={[Function]}
            tabIndex="0"
          >
            <div
              className="css-text-901oao r-backgroundColor-1stjixc r-color-zd8e7p r-fontFamily-1qd0xha r-fontSize-ubezar r-fontWeight-1od2jal r-marginTop-kc8jnq"
              dir="auto"
            >
              4
            </div>
          </div>
        </div>
        <div
          className="css-view-1dbjc4n r-alignItems-1awozwy"
          style={
            Object {
              "WebkitBoxFlex": 1,
              "WebkitFlexBasis": "0%",
              "WebkitFlexGrow": 1,
              "WebkitFlexShrink": 1,
              "flexBasis": "0%",
              "flexGrow": 1,
              "flexShrink": 1,
              "msFlexNegative": 1,
              "msFlexPositive": 1,
              "msFlexPreferredSize": "0%",
            }
          }
        >
          <div
            className="css-view-1dbjc4n r-alignItems-1awozwy r-cursor-1loqt21 r-height-mabqd8 r-touchAction-1otgn73 r-transitionDuration-eafdt9 r-transitionProperty-1i6wzkk r-userSelect-lrvibr r-width-1yvhtrz"
            data-focusable={true}
            data-testid="native.calendar.SELECT_DATE_SLOT-2019-07-05"
            onKeyDown={[Function]}
            onKeyUp={[Function]}
            onResponderGrant={[Function]}
            onResponderMove={[Function]}
            onResponderRelease={[Function]}
            onResponderTerminate={[Function]}
            onResponderTerminationRequest={[Function]}
            onStartShouldSetResponder={[Function]}
            tabIndex="0"
          >
            <div
              className="css-text-901oao r-backgroundColor-1stjixc r-color-zd8e7p r-fontFamily-1qd0xha r-fontSize-ubezar r-fontWeight-1od2jal r-marginTop-kc8jnq"
              dir="auto"
            >
              5
            </div>
          </div>
        </div>
        <div
          className="css-view-1dbjc4n r-alignItems-1awozwy"
          style={
            Object {
              "WebkitBoxFlex": 1,
              "WebkitFlexBasis": "0%",
              "WebkitFlexGrow": 1,
              "WebkitFlexShrink": 1,
              "flexBasis": "0%",
              "flexGrow": 1,
              "flexShrink": 1,
              "msFlexNegative": 1,
              "msFlexPositive": 1,
              "msFlexPreferredSize": "0%",
            }
          }
        >
          <div
            className="css-view-1dbjc4n r-alignItems-1awozwy r-cursor-1loqt21 r-height-mabqd8 r-touchAction-1otgn73 r-transitionDuration-eafdt9 r-transitionProperty-1i6wzkk r-userSelect-lrvibr r-width-1yvhtrz"
            data-focusable={true}
            data-testid="native.calendar.SELECT_DATE_SLOT-2019-07-06"
            onKeyDown={[Function]}
            onKeyUp={[Function]}
            onResponderGrant={[Function]}
            onResponderMove={[Function]}
            onResponderRelease={[Function]}
            onResponderTerminate={[Function]}
            onResponderTerminationRequest={[Function]}
            onStartShouldSetResponder={[Function]}
            tabIndex="0"
          >
            <div
              className="css-text-901oao r-backgroundColor-1stjixc r-color-zd8e7p r-fontFamily-1qd0xha r-fontSize-ubezar r-fontWeight-1od2jal r-marginTop-kc8jnq"
              dir="auto"
            >
              6
            </div>
          </div>
        </div>
      </div>
      <div
        className="css-view-1dbjc4n r-flexDirection-18u37iz r-justifyContent-a2tzq0 r-marginBottom-11mo1y0 r-marginTop-100vyta"
      >
        <div
          className="css-view-1dbjc4n r-alignItems-1awozwy"
          style={
            Object {
              "WebkitBoxFlex": 1,
              "WebkitFlexBasis": "0%",
              "WebkitFlexGrow": 1,
              "WebkitFlexShrink": 1,
              "flexBasis": "0%",
              "flexGrow": 1,
              "flexShrink": 1,
              "msFlexNegative": 1,
              "msFlexPositive": 1,
              "msFlexPreferredSize": "0%",
            }
          }
        >
          <div
            className="css-view-1dbjc4n r-alignItems-1awozwy r-cursor-1loqt21 r-height-mabqd8 r-touchAction-1otgn73 r-transitionDuration-eafdt9 r-transitionProperty-1i6wzkk r-userSelect-lrvibr r-width-1yvhtrz"
            data-focusable={true}
            data-testid="native.calendar.SELECT_DATE_SLOT-2019-07-07"
            onKeyDown={[Function]}
            onKeyUp={[Function]}
            onResponderGrant={[Function]}
            onResponderMove={[Function]}
            onResponderRelease={[Function]}
            onResponderTerminate={[Function]}
            onResponderTerminationRequest={[Function]}
            onStartShouldSetResponder={[Function]}
            tabIndex="0"
          >
            <div
              className="css-text-901oao r-backgroundColor-1stjixc r-color-zd8e7p r-fontFamily-1qd0xha r-fontSize-ubezar r-fontWeight-1od2jal r-marginTop-kc8jnq"
              dir="auto"
            >
              7
            </div>
          </div>
        </div>
        <div
          className="css-view-1dbjc4n r-alignItems-1awozwy"
          style={
            Object {
              "WebkitBoxFlex": 1,
              "WebkitFlexBasis": "0%",
              "WebkitFlexGrow": 1,
              "WebkitFlexShrink": 1,
              "flexBasis": "0%",
              "flexGrow": 1,
              "flexShrink": 1,
              "msFlexNegative": 1,
              "msFlexPositive": 1,
              "msFlexPreferredSize": "0%",
            }
          }
        >
          <div
            className="css-view-1dbjc4n r-alignItems-1awozwy r-cursor-1loqt21 r-height-mabqd8 r-touchAction-1otgn73 r-transitionDuration-eafdt9 r-transitionProperty-1i6wzkk r-userSelect-lrvibr r-width-1yvhtrz"
            data-focusable={true}
            data-testid="native.calendar.SELECT_DATE_SLOT-2019-07-08"
            onKeyDown={[Function]}
            onKeyUp={[Function]}
            onResponderGrant={[Function]}
            onResponderMove={[Function]}
            onResponderRelease={[Function]}
            onResponderTerminate={[Function]}
            onResponderTerminationRequest={[Function]}
            onStartShouldSetResponder={[Function]}
            tabIndex="0"
          >
            <div
              className="css-text-901oao r-backgroundColor-1stjixc r-color-zd8e7p r-fontFamily-1qd0xha r-fontSize-ubezar r-fontWeight-1od2jal r-marginTop-kc8jnq"
              dir="auto"
            >
              8
            </div>
          </div>
        </div>
        <div
          className="css-view-1dbjc4n r-alignItems-1awozwy"
          style={
            Object {
              "WebkitBoxFlex": 1,
              "WebkitFlexBasis": "0%",
              "WebkitFlexGrow": 1,
              "WebkitFlexShrink": 1,
              "flexBasis": "0%",
              "flexGrow": 1,
              "flexShrink": 1,
              "msFlexNegative": 1,
              "msFlexPositive": 1,
              "msFlexPreferredSize": "0%",
            }
          }
        >
          <div
            className="css-view-1dbjc4n r-alignItems-1awozwy r-cursor-1loqt21 r-height-mabqd8 r-touchAction-1otgn73 r-transitionDuration-eafdt9 r-transitionProperty-1i6wzkk r-userSelect-lrvibr r-width-1yvhtrz"
            data-focusable={true}
            data-testid="native.calendar.SELECT_DATE_SLOT-2019-07-09"
            onKeyDown={[Function]}
            onKeyUp={[Function]}
            onResponderGrant={[Function]}
            onResponderMove={[Function]}
            onResponderRelease={[Function]}
            onResponderTerminate={[Function]}
            onResponderTerminationRequest={[Function]}
            onStartShouldSetResponder={[Function]}
            tabIndex="0"
          >
            <div
              className="css-text-901oao r-backgroundColor-1stjixc r-color-zd8e7p r-fontFamily-1qd0xha r-fontSize-ubezar r-fontWeight-1od2jal r-marginTop-kc8jnq"
              dir="auto"
            >
              9
            </div>
          </div>
        </div>
        <div
          className="css-view-1dbjc4n r-alignItems-1awozwy"
          style={
            Object {
              "WebkitBoxFlex": 1,
              "WebkitFlexBasis": "0%",
              "WebkitFlexGrow": 1,
              "WebkitFlexShrink": 1,
              "flexBasis": "0%",
              "flexGrow": 1,
              "flexShrink": 1,
              "msFlexNegative": 1,
              "msFlexPositive": 1,
              "msFlexPreferredSize": "0%",
            }
          }
        >
          <div
            className="css-view-1dbjc4n r-alignItems-1awozwy r-cursor-1loqt21 r-height-mabqd8 r-touchAction-1otgn73 r-transitionDuration-eafdt9 r-transitionProperty-1i6wzkk r-userSelect-lrvibr r-width-1yvhtrz"
            data-focusable={true}
            data-testid="native.calendar.SELECT_DATE_SLOT-2019-07-10"
            onKeyDown={[Function]}
            onKeyUp={[Function]}
            onResponderGrant={[Function]}
            onResponderMove={[Function]}
            onResponderRelease={[Function]}
            onResponderTerminate={[Function]}
            onResponderTerminationRequest={[Function]}
            onStartShouldSetResponder={[Function]}
            tabIndex="0"
          >
            <div
              className="css-text-901oao r-backgroundColor-1stjixc r-color-zd8e7p r-fontFamily-1qd0xha r-fontSize-ubezar r-fontWeight-1od2jal r-marginTop-kc8jnq"
              dir="auto"
            >
              10
            </div>
          </div>
        </div>
        <div
          className="css-view-1dbjc4n r-alignItems-1awozwy"
          style={
            Object {
              "WebkitBoxFlex": 1,
              "WebkitFlexBasis": "0%",
              "WebkitFlexGrow": 1,
              "WebkitFlexShrink": 1,
              "flexBasis": "0%",
              "flexGrow": 1,
              "flexShrink": 1,
              "msFlexNegative": 1,
              "msFlexPositive": 1,
              "msFlexPreferredSize": "0%",
            }
          }
        >
          <div
            className="css-view-1dbjc4n r-alignItems-1awozwy r-cursor-1loqt21 r-height-mabqd8 r-touchAction-1otgn73 r-transitionDuration-eafdt9 r-transitionProperty-1i6wzkk r-userSelect-lrvibr r-width-1yvhtrz"
            data-focusable={true}
            data-testid="native.calendar.SELECT_DATE_SLOT-2019-07-11"
            onKeyDown={[Function]}
            onKeyUp={[Function]}
            onResponderGrant={[Function]}
            onResponderMove={[Function]}
            onResponderRelease={[Function]}
            onResponderTerminate={[Function]}
            onResponderTerminationRequest={[Function]}
            onStartShouldSetResponder={[Function]}
            tabIndex="0"
          >
            <div
              className="css-text-901oao r-backgroundColor-1stjixc r-color-zd8e7p r-fontFamily-1qd0xha r-fontSize-ubezar r-fontWeight-1od2jal r-marginTop-kc8jnq"
              dir="auto"
            >
              11
            </div>
          </div>
        </div>
        <div
          className="css-view-1dbjc4n r-alignItems-1awozwy"
          style={
            Object {
              "WebkitBoxFlex": 1,
              "WebkitFlexBasis": "0%",
              "WebkitFlexGrow": 1,
              "WebkitFlexShrink": 1,
              "flexBasis": "0%",
              "flexGrow": 1,
              "flexShrink": 1,
              "msFlexNegative": 1,
              "msFlexPositive": 1,
              "msFlexPreferredSize": "0%",
            }
          }
        >
          <div
            className="css-view-1dbjc4n r-alignItems-1awozwy r-cursor-1loqt21 r-height-mabqd8 r-touchAction-1otgn73 r-transitionDuration-eafdt9 r-transitionProperty-1i6wzkk r-userSelect-lrvibr r-width-1yvhtrz"
            data-focusable={true}
            data-testid="native.calendar.SELECT_DATE_SLOT-2019-07-12"
            onKeyDown={[Function]}
            onKeyUp={[Function]}
            onResponderGrant={[Function]}
            onResponderMove={[Function]}
            onResponderRelease={[Function]}
            onResponderTerminate={[Function]}
            onResponderTerminationRequest={[Function]}
            onStartShouldSetResponder={[Function]}
            tabIndex="0"
          >
            <div
              className="css-text-901oao r-backgroundColor-1stjixc r-color-zd8e7p r-fontFamily-1qd0xha r-fontSize-ubezar r-fontWeight-1od2jal r-marginTop-kc8jnq"
              dir="auto"
            >
              12
            </div>
          </div>
        </div>
        <div
          className="css-view-1dbjc4n r-alignItems-1awozwy"
          style={
            Object {
              "WebkitBoxFlex": 1,
              "WebkitFlexBasis": "0%",
              "WebkitFlexGrow": 1,
              "WebkitFlexShrink": 1,
              "flexBasis": "0%",
              "flexGrow": 1,
              "flexShrink": 1,
              "msFlexNegative": 1,
              "msFlexPositive": 1,
              "msFlexPreferredSize": "0%",
            }
          }
        >
          <div
            className="css-view-1dbjc4n r-alignItems-1awozwy r-cursor-1loqt21 r-height-mabqd8 r-touchAction-1otgn73 r-transitionDuration-eafdt9 r-transitionProperty-1i6wzkk r-userSelect-lrvibr r-width-1yvhtrz"
            data-focusable={true}
            data-testid="native.calendar.SELECT_DATE_SLOT-2019-07-13"
            onKeyDown={[Function]}
            onKeyUp={[Function]}
            onResponderGrant={[Function]}
            onResponderMove={[Function]}
            onResponderRelease={[Function]}
            onResponderTerminate={[Function]}
            onResponderTerminationRequest={[Function]}
            onStartShouldSetResponder={[Function]}
            tabIndex="0"
          >
            <div
              className="css-text-901oao r-backgroundColor-1stjixc r-color-zd8e7p r-fontFamily-1qd0xha r-fontSize-ubezar r-fontWeight-1od2jal r-marginTop-kc8jnq"
              dir="auto"
            >
              13
            </div>
          </div>
        </div>
      </div>
      <div
        className="css-view-1dbjc4n r-flexDirection-18u37iz r-justifyContent-a2tzq0 r-marginBottom-11mo1y0 r-marginTop-100vyta"
      >
        <div
          className="css-view-1dbjc4n r-alignItems-1awozwy"
          style={
            Object {
              "WebkitBoxFlex": 1,
              "WebkitFlexBasis": "0%",
              "WebkitFlexGrow": 1,
              "WebkitFlexShrink": 1,
              "flexBasis": "0%",
              "flexGrow": 1,
              "flexShrink": 1,
              "msFlexNegative": 1,
              "msFlexPositive": 1,
              "msFlexPreferredSize": "0%",
            }
          }
        >
          <div
            className="css-view-1dbjc4n r-alignItems-1awozwy r-cursor-1loqt21 r-height-mabqd8 r-touchAction-1otgn73 r-transitionDuration-eafdt9 r-transitionProperty-1i6wzkk r-userSelect-lrvibr r-width-1yvhtrz"
            data-focusable={true}
            data-testid="native.calendar.SELECT_DATE_SLOT-2019-07-14"
            onKeyDown={[Function]}
            onKeyUp={[Function]}
            onResponderGrant={[Function]}
            onResponderMove={[Function]}
            onResponderRelease={[Function]}
            onResponderTerminate={[Function]}
            onResponderTerminationRequest={[Function]}
            onStartShouldSetResponder={[Function]}
            tabIndex="0"
          >
            <div
              className="css-text-901oao r-backgroundColor-1stjixc r-color-zd8e7p r-fontFamily-1qd0xha r-fontSize-ubezar r-fontWeight-1od2jal r-marginTop-kc8jnq"
              dir="auto"
            >
              14
            </div>
          </div>
        </div>
        <div
          className="css-view-1dbjc4n r-alignItems-1awozwy"
          style={
            Object {
              "WebkitBoxFlex": 1,
              "WebkitFlexBasis": "0%",
              "WebkitFlexGrow": 1,
              "WebkitFlexShrink": 1,
              "flexBasis": "0%",
              "flexGrow": 1,
              "flexShrink": 1,
              "msFlexNegative": 1,
              "msFlexPositive": 1,
              "msFlexPreferredSize": "0%",
            }
          }
        >
          <div
            className="css-view-1dbjc4n r-alignItems-1awozwy r-cursor-1loqt21 r-height-mabqd8 r-touchAction-1otgn73 r-transitionDuration-eafdt9 r-transitionProperty-1i6wzkk r-userSelect-lrvibr r-width-1yvhtrz"
            data-focusable={true}
            data-testid="native.calendar.SELECT_DATE_SLOT-2019-07-15"
            onKeyDown={[Function]}
            onKeyUp={[Function]}
            onResponderGrant={[Function]}
            onResponderMove={[Function]}
            onResponderRelease={[Function]}
            onResponderTerminate={[Function]}
            onResponderTerminationRequest={[Function]}
            onStartShouldSetResponder={[Function]}
            tabIndex="0"
          >
            <div
              className="css-text-901oao r-backgroundColor-1stjixc r-color-zd8e7p r-fontFamily-1qd0xha r-fontSize-ubezar r-fontWeight-1od2jal r-marginTop-kc8jnq"
              dir="auto"
            >
              15
            </div>
          </div>
        </div>
        <div
          className="css-view-1dbjc4n r-alignItems-1awozwy"
          style={
            Object {
              "WebkitBoxFlex": 1,
              "WebkitFlexBasis": "0%",
              "WebkitFlexGrow": 1,
              "WebkitFlexShrink": 1,
              "flexBasis": "0%",
              "flexGrow": 1,
              "flexShrink": 1,
              "msFlexNegative": 1,
              "msFlexPositive": 1,
              "msFlexPreferredSize": "0%",
            }
          }
        >
          <div
            className="css-view-1dbjc4n r-alignItems-1awozwy r-borderRadius-1867qdf r-cursor-1loqt21 r-height-mabqd8 r-touchAction-1otgn73 r-transitionDuration-eafdt9 r-transitionProperty-1i6wzkk r-userSelect-lrvibr r-width-1yvhtrz"
            data-focusable={true}
            data-testid="native.calendar.SELECT_DATE_SLOT-2019-07-16"
            onKeyDown={[Function]}
            onKeyUp={[Function]}
            onResponderGrant={[Function]}
            onResponderMove={[Function]}
            onResponderRelease={[Function]}
            onResponderTerminate={[Function]}
            onResponderTerminationRequest={[Function]}
            onStartShouldSetResponder={[Function]}
            tabIndex="0"
          >
            <div
              className="css-text-901oao r-backgroundColor-1stjixc r-color-zd8e7p r-fontFamily-1qd0xha r-fontSize-ubezar r-fontWeight-1od2jal r-marginTop-kc8jnq"
              dir="auto"
            >
              16
            </div>
          </div>
        </div>
        <div
          className="css-view-1dbjc4n r-alignItems-1awozwy"
          style={
            Object {
              "WebkitBoxFlex": 1,
              "WebkitFlexBasis": "0%",
              "WebkitFlexGrow": 1,
              "WebkitFlexShrink": 1,
              "flexBasis": "0%",
              "flexGrow": 1,
              "flexShrink": 1,
              "msFlexNegative": 1,
              "msFlexPositive": 1,
              "msFlexPreferredSize": "0%",
            }
          }
        >
          <div
            className="css-view-1dbjc4n r-alignItems-1awozwy r-cursor-1loqt21 r-height-mabqd8 r-touchAction-1otgn73 r-transitionDuration-eafdt9 r-transitionProperty-1i6wzkk r-userSelect-lrvibr r-width-1yvhtrz"
            data-focusable={true}
            data-testid="native.calendar.SELECT_DATE_SLOT-2019-07-17"
            onKeyDown={[Function]}
            onKeyUp={[Function]}
            onResponderGrant={[Function]}
            onResponderMove={[Function]}
            onResponderRelease={[Function]}
            onResponderTerminate={[Function]}
            onResponderTerminationRequest={[Function]}
            onStartShouldSetResponder={[Function]}
            tabIndex="0"
          >
            <div
              className="css-text-901oao r-backgroundColor-1stjixc r-color-zd8e7p r-fontFamily-1qd0xha r-fontSize-ubezar r-fontWeight-1od2jal r-marginTop-kc8jnq"
              dir="auto"
            >
              17
            </div>
          </div>
        </div>
        <div
          className="css-view-1dbjc4n r-alignItems-1awozwy"
          style={
            Object {
              "WebkitBoxFlex": 1,
              "WebkitFlexBasis": "0%",
              "WebkitFlexGrow": 1,
              "WebkitFlexShrink": 1,
              "flexBasis": "0%",
              "flexGrow": 1,
              "flexShrink": 1,
              "msFlexNegative": 1,
              "msFlexPositive": 1,
              "msFlexPreferredSize": "0%",
            }
          }
        >
          <div
            className="css-view-1dbjc4n r-alignItems-1awozwy r-cursor-1loqt21 r-height-mabqd8 r-touchAction-1otgn73 r-transitionDuration-eafdt9 r-transitionProperty-1i6wzkk r-userSelect-lrvibr r-width-1yvhtrz"
            data-focusable={true}
            data-testid="native.calendar.SELECT_DATE_SLOT-2019-07-18"
            onKeyDown={[Function]}
            onKeyUp={[Function]}
            onResponderGrant={[Function]}
            onResponderMove={[Function]}
            onResponderRelease={[Function]}
            onResponderTerminate={[Function]}
            onResponderTerminationRequest={[Function]}
            onStartShouldSetResponder={[Function]}
            tabIndex="0"
          >
            <div
              className="css-text-901oao r-backgroundColor-1stjixc r-color-zd8e7p r-fontFamily-1qd0xha r-fontSize-ubezar r-fontWeight-1od2jal r-marginTop-kc8jnq"
              dir="auto"
            >
              18
            </div>
          </div>
        </div>
        <div
          className="css-view-1dbjc4n r-alignItems-1awozwy"
          style={
            Object {
              "WebkitBoxFlex": 1,
              "WebkitFlexBasis": "0%",
              "WebkitFlexGrow": 1,
              "WebkitFlexShrink": 1,
              "flexBasis": "0%",
              "flexGrow": 1,
              "flexShrink": 1,
              "msFlexNegative": 1,
              "msFlexPositive": 1,
              "msFlexPreferredSize": "0%",
            }
          }
        >
          <div
            className="css-view-1dbjc4n r-alignItems-1awozwy r-cursor-1loqt21 r-height-mabqd8 r-touchAction-1otgn73 r-transitionDuration-eafdt9 r-transitionProperty-1i6wzkk r-userSelect-lrvibr r-width-1yvhtrz"
            data-focusable={true}
            data-testid="native.calendar.SELECT_DATE_SLOT-2019-07-19"
            onKeyDown={[Function]}
            onKeyUp={[Function]}
            onResponderGrant={[Function]}
            onResponderMove={[Function]}
            onResponderRelease={[Function]}
            onResponderTerminate={[Function]}
            onResponderTerminationRequest={[Function]}
            onStartShouldSetResponder={[Function]}
            tabIndex="0"
          >
            <div
              className="css-text-901oao r-backgroundColor-1stjixc r-color-zd8e7p r-fontFamily-1qd0xha r-fontSize-ubezar r-fontWeight-1od2jal r-marginTop-kc8jnq"
              dir="auto"
            >
              19
            </div>
          </div>
        </div>
        <div
          className="css-view-1dbjc4n r-alignItems-1awozwy"
          style={
            Object {
              "WebkitBoxFlex": 1,
              "WebkitFlexBasis": "0%",
              "WebkitFlexGrow": 1,
              "WebkitFlexShrink": 1,
              "flexBasis": "0%",
              "flexGrow": 1,
              "flexShrink": 1,
              "msFlexNegative": 1,
              "msFlexPositive": 1,
              "msFlexPreferredSize": "0%",
            }
          }
        >
          <div
            className="css-view-1dbjc4n r-alignItems-1awozwy r-cursor-1loqt21 r-height-mabqd8 r-touchAction-1otgn73 r-transitionDuration-eafdt9 r-transitionProperty-1i6wzkk r-userSelect-lrvibr r-width-1yvhtrz"
            data-focusable={true}
            data-testid="native.calendar.SELECT_DATE_SLOT-2019-07-20"
            onKeyDown={[Function]}
            onKeyUp={[Function]}
            onResponderGrant={[Function]}
            onResponderMove={[Function]}
            onResponderRelease={[Function]}
            onResponderTerminate={[Function]}
            onResponderTerminationRequest={[Function]}
            onStartShouldSetResponder={[Function]}
            tabIndex="0"
          >
            <div
              className="css-text-901oao r-backgroundColor-1stjixc r-color-zd8e7p r-fontFamily-1qd0xha r-fontSize-ubezar r-fontWeight-1od2jal r-marginTop-kc8jnq"
              dir="auto"
            >
              20
            </div>
          </div>
        </div>
      </div>
      <div
        className="css-view-1dbjc4n r-flexDirection-18u37iz r-justifyContent-a2tzq0 r-marginBottom-11mo1y0 r-marginTop-100vyta"
      >
        <div
          className="css-view-1dbjc4n r-alignItems-1awozwy"
          style={
            Object {
              "WebkitBoxFlex": 1,
              "WebkitFlexBasis": "0%",
              "WebkitFlexGrow": 1,
              "WebkitFlexShrink": 1,
              "flexBasis": "0%",
              "flexGrow": 1,
              "flexShrink": 1,
              "msFlexNegative": 1,
              "msFlexPositive": 1,
              "msFlexPreferredSize": "0%",
            }
          }
        >
          <div
            className="css-view-1dbjc4n r-alignItems-1awozwy r-cursor-1loqt21 r-height-mabqd8 r-touchAction-1otgn73 r-transitionDuration-eafdt9 r-transitionProperty-1i6wzkk r-userSelect-lrvibr r-width-1yvhtrz"
            data-focusable={true}
            data-testid="native.calendar.SELECT_DATE_SLOT-2019-07-21"
            onKeyDown={[Function]}
            onKeyUp={[Function]}
            onResponderGrant={[Function]}
            onResponderMove={[Function]}
            onResponderRelease={[Function]}
            onResponderTerminate={[Function]}
            onResponderTerminationRequest={[Function]}
            onStartShouldSetResponder={[Function]}
            tabIndex="0"
          >
            <div
              className="css-text-901oao r-backgroundColor-1stjixc r-color-zd8e7p r-fontFamily-1qd0xha r-fontSize-ubezar r-fontWeight-1od2jal r-marginTop-kc8jnq"
              dir="auto"
            >
              21
            </div>
          </div>
        </div>
        <div
          className="css-view-1dbjc4n r-alignItems-1awozwy"
          style={
            Object {
              "WebkitBoxFlex": 1,
              "WebkitFlexBasis": "0%",
              "WebkitFlexGrow": 1,
              "WebkitFlexShrink": 1,
              "flexBasis": "0%",
              "flexGrow": 1,
              "flexShrink": 1,
              "msFlexNegative": 1,
              "msFlexPositive": 1,
              "msFlexPreferredSize": "0%",
            }
          }
        >
          <div
            className="css-view-1dbjc4n r-alignItems-1awozwy r-cursor-1loqt21 r-height-mabqd8 r-touchAction-1otgn73 r-transitionDuration-eafdt9 r-transitionProperty-1i6wzkk r-userSelect-lrvibr r-width-1yvhtrz"
            data-focusable={true}
            data-testid="native.calendar.SELECT_DATE_SLOT-2019-07-22"
            onKeyDown={[Function]}
            onKeyUp={[Function]}
            onResponderGrant={[Function]}
            onResponderMove={[Function]}
            onResponderRelease={[Function]}
            onResponderTerminate={[Function]}
            onResponderTerminationRequest={[Function]}
            onStartShouldSetResponder={[Function]}
            tabIndex="0"
          >
            <div
              className="css-text-901oao r-backgroundColor-1stjixc r-color-zd8e7p r-fontFamily-1qd0xha r-fontSize-ubezar r-fontWeight-1od2jal r-marginTop-kc8jnq"
              dir="auto"
            >
              22
            </div>
          </div>
        </div>
        <div
          className="css-view-1dbjc4n r-alignItems-1awozwy"
          style={
            Object {
              "WebkitBoxFlex": 1,
              "WebkitFlexBasis": "0%",
              "WebkitFlexGrow": 1,
              "WebkitFlexShrink": 1,
              "flexBasis": "0%",
              "flexGrow": 1,
              "flexShrink": 1,
              "msFlexNegative": 1,
              "msFlexPositive": 1,
              "msFlexPreferredSize": "0%",
            }
          }
        >
          <div
            className="css-view-1dbjc4n r-alignItems-1awozwy r-cursor-1loqt21 r-height-mabqd8 r-touchAction-1otgn73 r-transitionDuration-eafdt9 r-transitionProperty-1i6wzkk r-userSelect-lrvibr r-width-1yvhtrz"
            data-focusable={true}
            data-testid="native.calendar.SELECT_DATE_SLOT-2019-07-23"
            onKeyDown={[Function]}
            onKeyUp={[Function]}
            onResponderGrant={[Function]}
            onResponderMove={[Function]}
            onResponderRelease={[Function]}
            onResponderTerminate={[Function]}
            onResponderTerminationRequest={[Function]}
            onStartShouldSetResponder={[Function]}
            tabIndex="0"
          >
            <div
              className="css-text-901oao r-backgroundColor-1stjixc r-color-zd8e7p r-fontFamily-1qd0xha r-fontSize-ubezar r-fontWeight-1od2jal r-marginTop-kc8jnq"
              dir="auto"
            >
              23
            </div>
          </div>
        </div>
        <div
          className="css-view-1dbjc4n r-alignItems-1awozwy"
          style={
            Object {
              "WebkitBoxFlex": 1,
              "WebkitFlexBasis": "0%",
              "WebkitFlexGrow": 1,
              "WebkitFlexShrink": 1,
              "flexBasis": "0%",
              "flexGrow": 1,
              "flexShrink": 1,
              "msFlexNegative": 1,
              "msFlexPositive": 1,
              "msFlexPreferredSize": "0%",
            }
          }
        >
          <div
            className="css-view-1dbjc4n r-alignItems-1awozwy r-cursor-1loqt21 r-height-mabqd8 r-touchAction-1otgn73 r-transitionDuration-eafdt9 r-transitionProperty-1i6wzkk r-userSelect-lrvibr r-width-1yvhtrz"
            data-focusable={true}
            data-testid="native.calendar.SELECT_DATE_SLOT-2019-07-24"
            onKeyDown={[Function]}
            onKeyUp={[Function]}
            onResponderGrant={[Function]}
            onResponderMove={[Function]}
            onResponderRelease={[Function]}
            onResponderTerminate={[Function]}
            onResponderTerminationRequest={[Function]}
            onStartShouldSetResponder={[Function]}
            tabIndex="0"
          >
            <div
              className="css-text-901oao r-backgroundColor-1stjixc r-color-zd8e7p r-fontFamily-1qd0xha r-fontSize-ubezar r-fontWeight-1od2jal r-marginTop-kc8jnq"
              dir="auto"
            >
              24
            </div>
          </div>
        </div>
        <div
          className="css-view-1dbjc4n r-alignItems-1awozwy"
          style={
            Object {
              "WebkitBoxFlex": 1,
              "WebkitFlexBasis": "0%",
              "WebkitFlexGrow": 1,
              "WebkitFlexShrink": 1,
              "flexBasis": "0%",
              "flexGrow": 1,
              "flexShrink": 1,
              "msFlexNegative": 1,
              "msFlexPositive": 1,
              "msFlexPreferredSize": "0%",
            }
          }
        >
          <div
            className="css-view-1dbjc4n r-alignItems-1awozwy r-cursor-1loqt21 r-height-mabqd8 r-touchAction-1otgn73 r-transitionDuration-eafdt9 r-transitionProperty-1i6wzkk r-userSelect-lrvibr r-width-1yvhtrz"
            data-focusable={true}
            data-testid="native.calendar.SELECT_DATE_SLOT-2019-07-25"
            onKeyDown={[Function]}
            onKeyUp={[Function]}
            onResponderGrant={[Function]}
            onResponderMove={[Function]}
            onResponderRelease={[Function]}
            onResponderTerminate={[Function]}
            onResponderTerminationRequest={[Function]}
            onStartShouldSetResponder={[Function]}
            tabIndex="0"
          >
            <div
              className="css-text-901oao r-backgroundColor-1stjixc r-color-zd8e7p r-fontFamily-1qd0xha r-fontSize-ubezar r-fontWeight-1od2jal r-marginTop-kc8jnq"
              dir="auto"
            >
              25
            </div>
          </div>
        </div>
        <div
          className="css-view-1dbjc4n r-alignItems-1awozwy"
          style={
            Object {
              "WebkitBoxFlex": 1,
              "WebkitFlexBasis": "0%",
              "WebkitFlexGrow": 1,
              "WebkitFlexShrink": 1,
              "flexBasis": "0%",
              "flexGrow": 1,
              "flexShrink": 1,
              "msFlexNegative": 1,
              "msFlexPositive": 1,
              "msFlexPreferredSize": "0%",
            }
          }
        >
          <div
            className="css-view-1dbjc4n r-alignItems-1awozwy r-cursor-1loqt21 r-height-mabqd8 r-touchAction-1otgn73 r-transitionDuration-eafdt9 r-transitionProperty-1i6wzkk r-userSelect-lrvibr r-width-1yvhtrz"
            data-focusable={true}
            data-testid="native.calendar.SELECT_DATE_SLOT-2019-07-26"
            onKeyDown={[Function]}
            onKeyUp={[Function]}
            onResponderGrant={[Function]}
            onResponderMove={[Function]}
            onResponderRelease={[Function]}
            onResponderTerminate={[Function]}
            onResponderTerminationRequest={[Function]}
            onStartShouldSetResponder={[Function]}
            tabIndex="0"
          >
            <div
              className="css-text-901oao r-backgroundColor-1stjixc r-color-zd8e7p r-fontFamily-1qd0xha r-fontSize-ubezar r-fontWeight-1od2jal r-marginTop-kc8jnq"
              dir="auto"
            >
              26
            </div>
          </div>
        </div>
        <div
          className="css-view-1dbjc4n r-alignItems-1awozwy"
          style={
            Object {
              "WebkitBoxFlex": 1,
              "WebkitFlexBasis": "0%",
              "WebkitFlexGrow": 1,
              "WebkitFlexShrink": 1,
              "flexBasis": "0%",
              "flexGrow": 1,
              "flexShrink": 1,
              "msFlexNegative": 1,
              "msFlexPositive": 1,
              "msFlexPreferredSize": "0%",
            }
          }
        >
          <div
            className="css-view-1dbjc4n r-alignItems-1awozwy r-cursor-1loqt21 r-height-mabqd8 r-touchAction-1otgn73 r-transitionDuration-eafdt9 r-transitionProperty-1i6wzkk r-userSelect-lrvibr r-width-1yvhtrz"
            data-focusable={true}
            data-testid="native.calendar.SELECT_DATE_SLOT-2019-07-27"
            onKeyDown={[Function]}
            onKeyUp={[Function]}
            onResponderGrant={[Function]}
            onResponderMove={[Function]}
            onResponderRelease={[Function]}
            onResponderTerminate={[Function]}
            onResponderTerminationRequest={[Function]}
            onStartShouldSetResponder={[Function]}
            tabIndex="0"
          >
            <div
              className="css-text-901oao r-backgroundColor-1stjixc r-color-zd8e7p r-fontFamily-1qd0xha r-fontSize-ubezar r-fontWeight-1od2jal r-marginTop-kc8jnq"
              dir="auto"
            >
              27
            </div>
          </div>
        </div>
      </div>
      <div
        className="css-view-1dbjc4n r-flexDirection-18u37iz r-justifyContent-a2tzq0 r-marginBottom-11mo1y0 r-marginTop-100vyta"
      >
        <div
          className="css-view-1dbjc4n r-alignItems-1awozwy"
          style={
            Object {
              "WebkitBoxFlex": 1,
              "WebkitFlexBasis": "0%",
              "WebkitFlexGrow": 1,
              "WebkitFlexShrink": 1,
              "flexBasis": "0%",
              "flexGrow": 1,
              "flexShrink": 1,
              "msFlexNegative": 1,
              "msFlexPositive": 1,
              "msFlexPreferredSize": "0%",
            }
          }
        >
          <div
            className="css-view-1dbjc4n r-alignItems-1awozwy r-cursor-1loqt21 r-height-mabqd8 r-touchAction-1otgn73 r-transitionDuration-eafdt9 r-transitionProperty-1i6wzkk r-userSelect-lrvibr r-width-1yvhtrz"
            data-focusable={true}
            data-testid="native.calendar.SELECT_DATE_SLOT-2019-07-28"
            onKeyDown={[Function]}
            onKeyUp={[Function]}
            onResponderGrant={[Function]}
            onResponderMove={[Function]}
            onResponderRelease={[Function]}
            onResponderTerminate={[Function]}
            onResponderTerminationRequest={[Function]}
            onStartShouldSetResponder={[Function]}
            tabIndex="0"
          >
            <div
              className="css-text-901oao r-backgroundColor-1stjixc r-color-zd8e7p r-fontFamily-1qd0xha r-fontSize-ubezar r-fontWeight-1od2jal r-marginTop-kc8jnq"
              dir="auto"
            >
              28
            </div>
          </div>
        </div>
        <div
          className="css-view-1dbjc4n r-alignItems-1awozwy"
          style={
            Object {
              "WebkitBoxFlex": 1,
              "WebkitFlexBasis": "0%",
              "WebkitFlexGrow": 1,
              "WebkitFlexShrink": 1,
              "flexBasis": "0%",
              "flexGrow": 1,
              "flexShrink": 1,
              "msFlexNegative": 1,
              "msFlexPositive": 1,
              "msFlexPreferredSize": "0%",
            }
          }
        >
          <div
            className="css-view-1dbjc4n r-alignItems-1awozwy r-cursor-1loqt21 r-height-mabqd8 r-touchAction-1otgn73 r-transitionDuration-eafdt9 r-transitionProperty-1i6wzkk r-userSelect-lrvibr r-width-1yvhtrz"
            data-focusable={true}
            data-testid="native.calendar.SELECT_DATE_SLOT-2019-07-29"
            onKeyDown={[Function]}
            onKeyUp={[Function]}
            onResponderGrant={[Function]}
            onResponderMove={[Function]}
            onResponderRelease={[Function]}
            onResponderTerminate={[Function]}
            onResponderTerminationRequest={[Function]}
            onStartShouldSetResponder={[Function]}
            tabIndex="0"
          >
            <div
              className="css-text-901oao r-backgroundColor-1stjixc r-color-zd8e7p r-fontFamily-1qd0xha r-fontSize-ubezar r-fontWeight-1od2jal r-marginTop-kc8jnq"
              dir="auto"
            >
              29
            </div>
          </div>
        </div>
        <div
          className="css-view-1dbjc4n r-alignItems-1awozwy"
          style={
            Object {
              "WebkitBoxFlex": 1,
              "WebkitFlexBasis": "0%",
              "WebkitFlexGrow": 1,
              "WebkitFlexShrink": 1,
              "flexBasis": "0%",
              "flexGrow": 1,
              "flexShrink": 1,
              "msFlexNegative": 1,
              "msFlexPositive": 1,
              "msFlexPreferredSize": "0%",
            }
          }
        >
          <div
            className="css-view-1dbjc4n r-alignItems-1awozwy r-cursor-1loqt21 r-height-mabqd8 r-touchAction-1otgn73 r-transitionDuration-eafdt9 r-transitionProperty-1i6wzkk r-userSelect-lrvibr r-width-1yvhtrz"
            data-focusable={true}
            data-testid="native.calendar.SELECT_DATE_SLOT-2019-07-30"
            onKeyDown={[Function]}
            onKeyUp={[Function]}
            onResponderGrant={[Function]}
            onResponderMove={[Function]}
            onResponderRelease={[Function]}
            onResponderTerminate={[Function]}
            onResponderTerminationRequest={[Function]}
            onStartShouldSetResponder={[Function]}
            tabIndex="0"
          >
            <div
              className="css-text-901oao r-backgroundColor-1stjixc r-color-zd8e7p r-fontFamily-1qd0xha r-fontSize-ubezar r-fontWeight-1od2jal r-marginTop-kc8jnq"
              dir="auto"
            >
              30
            </div>
          </div>
        </div>
        <div
          className="css-view-1dbjc4n r-alignItems-1awozwy"
          style={
            Object {
              "WebkitBoxFlex": 1,
              "WebkitFlexBasis": "0%",
              "WebkitFlexGrow": 1,
              "WebkitFlexShrink": 1,
              "flexBasis": "0%",
              "flexGrow": 1,
              "flexShrink": 1,
              "msFlexNegative": 1,
              "msFlexPositive": 1,
              "msFlexPreferredSize": "0%",
            }
          }
        >
          <div
            className="css-view-1dbjc4n r-alignItems-1awozwy r-cursor-1loqt21 r-height-mabqd8 r-touchAction-1otgn73 r-transitionDuration-eafdt9 r-transitionProperty-1i6wzkk r-userSelect-lrvibr r-width-1yvhtrz"
            data-focusable={true}
            data-testid="native.calendar.SELECT_DATE_SLOT-2019-07-31"
            onKeyDown={[Function]}
            onKeyUp={[Function]}
            onResponderGrant={[Function]}
            onResponderMove={[Function]}
            onResponderRelease={[Function]}
            onResponderTerminate={[Function]}
            onResponderTerminationRequest={[Function]}
            onStartShouldSetResponder={[Function]}
            tabIndex="0"
          >
            <div
              className="css-text-901oao r-backgroundColor-1stjixc r-color-zd8e7p r-fontFamily-1qd0xha r-fontSize-ubezar r-fontWeight-1od2jal r-marginTop-kc8jnq"
              dir="auto"
            >
              31
            </div>
          </div>
        </div>
        <div
          className="css-view-1dbjc4n"
          style={
            Object {
              "WebkitBoxFlex": 1,
              "WebkitFlexBasis": "0%",
              "WebkitFlexGrow": 1,
              "WebkitFlexShrink": 1,
              "flexBasis": "0%",
              "flexGrow": 1,
              "flexShrink": 1,
              "msFlexNegative": 1,
              "msFlexPositive": 1,
              "msFlexPreferredSize": "0%",
            }
          }
        />
        <div
          className="css-view-1dbjc4n"
          style={
            Object {
              "WebkitBoxFlex": 1,
              "WebkitFlexBasis": "0%",
              "WebkitFlexGrow": 1,
              "WebkitFlexShrink": 1,
              "flexBasis": "0%",
              "flexGrow": 1,
              "flexShrink": 1,
              "msFlexNegative": 1,
              "msFlexPositive": 1,
              "msFlexPreferredSize": "0%",
            }
          }
        />
        <div
          className="css-view-1dbjc4n"
          style={
            Object {
              "WebkitBoxFlex": 1,
              "WebkitFlexBasis": "0%",
              "WebkitFlexGrow": 1,
              "WebkitFlexShrink": 1,
              "flexBasis": "0%",
              "flexGrow": 1,
              "flexShrink": 1,
              "msFlexNegative": 1,
              "msFlexPositive": 1,
              "msFlexPreferredSize": "0%",
            }
          }
        />
      </div>
    </div>
  </div>
</div>
`;
