// Jest Snapshot v1, https://goo.gl/fbAQLP

exports[`recipe form Render Classify component with cookingTypes data 1`] = `null`;

exports[`recipe form Render Classify component with loading 1`] = `
<div
  className="css-view-1dbjc4n r-justifyContent-1777fci"
  style={
    Object {
      "WebkitBoxFlex": 1,
      "WebkitFlexBasis": "0%",
      "WebkitFlexGrow": 1,
      "WebkitFlexShrink": 1,
      "flexBasis": "0%",
      "flexGrow": 1,
      "flexShrink": 1,
      "msFlexNegative": 1,
      "msFlexPositive": 1,
      "msFlexPreferredSize": "0%",
    }
  }
>
  <div
    aria-valuemax="1"
    aria-valuemin="0"
    className="css-view-1dbjc4n r-alignItems-1awozwy r-justifyContent-1777fci"
    role="progressbar"
  >
    <div
      className="css-view-1dbjc4n r-animationDuration-17bb2tj r-animationIterationCount-1muvv40 r-animationKeyframes-127358a r-animationTimingFunction-1ldzwu0 r-height-z80fyv r-width-19wmn03"
    >
      <svg
        height="100%"
        viewBox="0 0 32 32"
        width="100%"
      >
        <circle
          cx="16"
          cy="16"
          fill="none"
          r="14"
          strokeWidth="4"
          style={
            Object {
              "opacity": 0.2,
              "stroke": "#c5c5c5",
            }
          }
        />
        <circle
          cx="16"
          cy="16"
          fill="none"
          r="14"
          strokeWidth="4"
          style={
            Object {
              "stroke": "#c5c5c5",
              "strokeDasharray": 80,
              "strokeDashoffset": 60,
            }
          }
        />
      </svg>
    </div>
  </div>
</div>
`;

exports[`recipe form Render Classify component with size medium 1`] = `null`;

exports[`recipe form Render recipe form component with defaultProps 1`] = `
<div
  className="css-view-1dbjc4n"
>
  <div
    className="css-text-901oao r-fontSize-adyw6z r-marginTop-1x0uki6 r-textAlign-q4m81j"
    dir="auto"
  >
    CREATE NEW A RECIPE
  </div>
  <div
    className="css-view-1dbjc4n"
  >
    <input
      autoCapitalize="none"
      autoComplete="on"
      autoCorrect="off"
      className="css-textinput-1cwyjr8 r-borderBottomWidth-qklmqi r-borderColor-34efmp r-color-cqee49 r-fontSize-ubezar r-fontWeight-vw2c0b r-height-eu3ka r-placeholderTextColor-1fufmm0"
      data-focusable={true}
      defaultValue=""
      dir="auto"
      onBlur={[Function]}
      onChange={[Function]}
      onFocus={[Function]}
      onKeyDown={[Function]}
      onKeyPress={[Function]}
      onSelect={[Function]}
      placeholder="Name"
      readOnly={false}
      spellCheck={false}
      type="text"
    />
  </div>
  <div
    className="css-text-901oao r-color-1vs7qoz r-fontSize-1i10wst r-fontStyle-36ujnk"
    dir="auto"
  />
  <div
    className="css-view-1dbjc4n"
  >
    <label
      className="css-text-901oao"
      dir="auto"
      for="file-input"
    >
      <div
        className="css-view-1dbjc4n r-alignItems-1awozwy r-backgroundColor-1pzepah r-display-xoduu5 r-flexDirection-eqz5dr r-fontSize-18i18we r-height-7r4507 r-justifyContent-1777fci r-marginBottom-15d164r r-marginTop-156q2ks r-width-13qz1uu"
      >
        <div
          className="css-cursor-18t94o4 css-view-1dbjc4n r-alignItems-1awozwy r-backgroundColor-1niwhzg r-borderRadius-6ncur5 r-cursor-1loqt21 r-display-xoduu5 r-height-1r8g8re r-justifyContent-1777fci r-margin-5scogr r-overflow-bztko3 r-touchAction-1otgn73 r-userSelect-lrvibr r-width-1acpoxo"
          data-focusable={true}
          disabled={false}
          onKeyDown={[Function]}
          onKeyPress={[Function]}
          onKeyUp={[Function]}
          onResponderGrant={[Function]}
          onResponderMove={[Function]}
          onResponderRelease={[Function]}
          onResponderTerminate={[Function]}
          onResponderTerminationRequest={[Function]}
          onStartShouldSetResponder={[Function]}
          role="button"
          tabIndex="0"
        >
          <span
            className="css-hitSlop-mjp8i1"
            style={
              Object {
                "bottom": "-6px",
                "left": "-6px",
                "right": "-6px",
                "top": "-6px",
              }
            }
          />
          <div
            className="css-view-1dbjc4n r-display-xoduu5"
          >
            <span
              className="css-text-901oao css-textHasAncestor-16my406 r-backgroundColor-1niwhzg r-color-cqee49 r-fontSize-18i18we r-pointerEvents-633pao"
              dir="auto"
              focusable={false}
              role="img"
              style={
                Object {
                  "WebkitTransform": "scaleX(1)",
                  "fontFamily": "MaterialIcons",
                  "fontStyle": "normal",
                  "fontWeight": "normal",
                  "transform": "scaleX(1)",
                }
              }
            >
              
            </span>
          </div>
        </div>
        <span
          className="css-text-901oao css-textHasAncestor-16my406 r-fontSize-ubezar r-marginLeft-11wrixw r-marginTop-1x0uki6 r-textAlign-q4m81j"
          dir="auto"
        >
          Set cover photo
        </span>
      </div>
    </label>
    <input
      id="file-input"
      style={
        Object {
          "display": "none",
        }
      }
      type="file"
    />
  </div>
  <div
    className="css-view-1dbjc4n"
  >
    <input
      autoCapitalize="none"
      autoComplete="on"
      autoCorrect="off"
      className="css-textinput-1cwyjr8 r-borderBottomWidth-qklmqi r-borderColor-34efmp r-color-cqee49 r-fontSize-ubezar r-fontWeight-vw2c0b r-height-eu3ka r-placeholderTextColor-1fufmm0"
      data-focusable={true}
      defaultValue=""
      dir="auto"
      onBlur={[Function]}
      onChange={[Function]}
      onFocus={[Function]}
      onKeyDown={[Function]}
      onKeyPress={[Function]}
      onSelect={[Function]}
      placeholder="Description"
      readOnly={false}
      spellCheck={false}
      type="text"
    />
  </div>
  <div
    className="css-view-1dbjc4n r-alignItems-1habvwh r-backgroundColor-1pzepah r-display-6koalj r-flexDirection-eqz5dr r-flexWrap-1w6e6rj r-justifyContent-1wtj0ep r-marginTop-156q2ks r-padding-1pcd2l5 r-paddingBottom-1mdbw0j"
    style={
      Object {
        "WebkitBoxFlex": 0,
        "WebkitFlexGrow": 0,
        "flexGrow": 0,
        "msFlexPositive": 0,
      }
    }
  >
    <div
      className="css-view-1dbjc4n r-width-13qz1uu"
    >
      <div
        className="css-view-1dbjc4n r-alignItems-1awozwy r-backgroundColor-14lw9ot r-borderRadius-1dzdj1l r-display-6koalj r-flexDirection-18u37iz r-fontSize-zz5t5d r-justifyContent-1h0z5md r-marginBottom-117bsoe"
      >
        <div
          className="css-cursor-18t94o4 css-view-1dbjc4n r-alignItems-1awozwy r-backgroundColor-1niwhzg r-borderRadius-6ncur5 r-cursor-1loqt21 r-height-1r8g8re r-justifyContent-1777fci r-margin-5scogr r-overflow-bztko3 r-touchAction-1otgn73 r-userSelect-lrvibr r-width-1acpoxo"
          data-focusable={true}
          disabled={false}
          onKeyDown={[Function]}
          onKeyPress={[Function]}
          onKeyUp={[Function]}
          onResponderGrant={[Function]}
          onResponderMove={[Function]}
          onResponderRelease={[Function]}
          onResponderTerminate={[Function]}
          onResponderTerminationRequest={[Function]}
          onStartShouldSetResponder={[Function]}
          role="button"
          tabIndex="0"
        >
          <span
            className="css-hitSlop-mjp8i1"
            style={
              Object {
                "bottom": "-6px",
                "left": "-6px",
                "right": "-6px",
                "top": "-6px",
              }
            }
          />
          <div
            className="css-view-1dbjc4n"
          >
            <div
              className="css-text-901oao r-backgroundColor-1niwhzg r-color-cqee49 r-pointerEvents-633pao"
              dir="auto"
              focusable={false}
              role="img"
              style={
                Object {
                  "WebkitTransform": "scaleX(1)",
                  "fontFamily": "MaterialIcons",
                  "fontSize": "30px",
                  "fontStyle": "normal",
                  "fontWeight": "normal",
                  "transform": "scaleX(1)",
                }
              }
            >
              
            </div>
          </div>
        </div>
        <div
          className="css-text-901oao r-fontSize-ubezar r-marginLeft-1n0xq6e r-textAlign-q4m81j"
          dir="auto"
        >
          Add categories
        </div>
      </div>
    </div>
    <div
      className="css-view-1dbjc4n r-width-13qz1uu"
    >
      <div
        className="css-view-1dbjc4n r-alignItems-1awozwy r-backgroundColor-14lw9ot r-borderRadius-1dzdj1l r-display-6koalj r-flexDirection-18u37iz r-fontSize-zz5t5d r-justifyContent-1h0z5md r-marginBottom-117bsoe"
      >
        <div
          className="css-cursor-18t94o4 css-view-1dbjc4n r-alignItems-1awozwy r-backgroundColor-1niwhzg r-borderRadius-6ncur5 r-cursor-1loqt21 r-height-1r8g8re r-justifyContent-1777fci r-margin-5scogr r-overflow-bztko3 r-touchAction-1otgn73 r-userSelect-lrvibr r-width-1acpoxo"
          data-focusable={true}
          disabled={false}
          onKeyDown={[Function]}
          onKeyPress={[Function]}
          onKeyUp={[Function]}
          onResponderGrant={[Function]}
          onResponderMove={[Function]}
          onResponderRelease={[Function]}
          onResponderTerminate={[Function]}
          onResponderTerminationRequest={[Function]}
          onStartShouldSetResponder={[Function]}
          role="button"
          tabIndex="0"
        >
          <span
            className="css-hitSlop-mjp8i1"
            style={
              Object {
                "bottom": "-6px",
                "left": "-6px",
                "right": "-6px",
                "top": "-6px",
              }
            }
          />
          <div
            className="css-view-1dbjc4n"
          >
            <div
              className="css-text-901oao r-backgroundColor-1niwhzg r-color-cqee49 r-pointerEvents-633pao"
              dir="auto"
              focusable={false}
              role="img"
              style={
                Object {
                  "WebkitTransform": "scaleX(1)",
                  "fontFamily": "MaterialIcons",
                  "fontSize": "30px",
                  "fontStyle": "normal",
                  "fontWeight": "normal",
                  "transform": "scaleX(1)",
                }
              }
            >
              
            </div>
          </div>
        </div>
        <div
          className="css-text-901oao r-fontSize-ubezar r-marginLeft-1n0xq6e r-textAlign-q4m81j"
          dir="auto"
        >
          Add cooking types
        </div>
      </div>
    </div>
  </div>
  <div
    className="css-view-1dbjc4n r-alignItems-1awozwy r-backgroundColor-1pzepah r-display-6koalj r-flexDirection-18u37iz r-flexWrap-1w6e6rj r-justifyContent-a2tzq0 r-marginTop-156q2ks r-padding-1pcd2l5"
    style={
      Object {
        "WebkitBoxFlex": 0,
        "WebkitFlexGrow": 0,
        "flexGrow": 0,
        "msFlexPositive": 0,
      }
    }
  >
    <div
      className="css-view-1dbjc4n r-alignItems-1awozwy r-backgroundColor-14lw9ot r-borderRadius-1dzdj1l r-display-6koalj r-flexDirection-eqz5dr r-fontSize-zz5t5d r-height-1dciyrv r-justifyContent-1777fci r-width-62p4ah"
    >
      <div
        className="css-cursor-18t94o4 css-view-1dbjc4n r-alignItems-1awozwy r-backgroundColor-1niwhzg r-borderRadius-6ncur5 r-cursor-1loqt21 r-height-1r8g8re r-justifyContent-1777fci r-margin-5scogr r-overflow-bztko3 r-touchAction-1otgn73 r-userSelect-lrvibr r-width-1acpoxo"
        data-focusable={true}
        disabled={false}
        onKeyDown={[Function]}
        onKeyPress={[Function]}
        onKeyUp={[Function]}
        onResponderGrant={[Function]}
        onResponderMove={[Function]}
        onResponderRelease={[Function]}
        onResponderTerminate={[Function]}
        onResponderTerminationRequest={[Function]}
        onStartShouldSetResponder={[Function]}
        role="button"
        tabIndex="0"
      >
        <span
          className="css-hitSlop-mjp8i1"
          style={
            Object {
              "bottom": "-6px",
              "left": "-6px",
              "right": "-6px",
              "top": "-6px",
            }
          }
        />
        <div
          className="css-view-1dbjc4n"
        >
          <div
            className="css-text-901oao r-backgroundColor-1niwhzg r-color-cqee49 r-pointerEvents-633pao"
            dir="auto"
            focusable={false}
            role="img"
            style={
              Object {
                "WebkitTransform": "scaleX(1)",
                "fontFamily": "MaterialIcons",
                "fontSize": "30px",
                "fontStyle": "normal",
                "fontWeight": "normal",
                "transform": "scaleX(1)",
              }
            }
          >
            
          </div>
        </div>
      </div>
      <div
        className="css-text-901oao r-fontSize-ubezar r-marginLeft-11wrixw r-textAlign-q4m81j"
        dir="auto"
      >
        Add ingredients
      </div>
    </div>
    <div
      className="css-view-1dbjc4n r-alignItems-1awozwy r-backgroundColor-14lw9ot r-borderRadius-1dzdj1l r-display-6koalj r-flexDirection-eqz5dr r-fontSize-zz5t5d r-height-1dciyrv r-justifyContent-1777fci r-marginLeft-1n0xq6e r-width-62p4ah"
    >
      <div
        className="css-cursor-18t94o4 css-view-1dbjc4n r-alignItems-1awozwy r-backgroundColor-1niwhzg r-borderRadius-6ncur5 r-cursor-1loqt21 r-height-1r8g8re r-justifyContent-1777fci r-margin-5scogr r-overflow-bztko3 r-touchAction-1otgn73 r-userSelect-lrvibr r-width-1acpoxo"
        data-focusable={true}
        disabled={false}
        onKeyDown={[Function]}
        onKeyPress={[Function]}
        onKeyUp={[Function]}
        onResponderGrant={[Function]}
        onResponderMove={[Function]}
        onResponderRelease={[Function]}
        onResponderTerminate={[Function]}
        onResponderTerminationRequest={[Function]}
        onStartShouldSetResponder={[Function]}
        role="button"
        tabIndex="0"
      >
        <span
          className="css-hitSlop-mjp8i1"
          style={
            Object {
              "bottom": "-6px",
              "left": "-6px",
              "right": "-6px",
              "top": "-6px",
            }
          }
        />
        <div
          className="css-view-1dbjc4n"
        >
          <div
            className="css-text-901oao r-backgroundColor-1niwhzg r-color-cqee49 r-pointerEvents-633pao"
            dir="auto"
            focusable={false}
            role="img"
            style={
              Object {
                "WebkitTransform": "scaleX(1)",
                "fontFamily": "MaterialIcons",
                "fontSize": "30px",
                "fontStyle": "normal",
                "fontWeight": "normal",
                "transform": "scaleX(1)",
              }
            }
          >
            
          </div>
        </div>
      </div>
      <div
        className="css-text-901oao r-fontSize-ubezar r-marginLeft-1n0xq6e r-textAlign-q4m81j"
        dir="auto"
      >
        Save And Write Steps
      </div>
    </div>
  </div>
  <div
    className="css-view-1dbjc4n r-marginBottom-117bsoe r-marginLeft-1jj8364 r-marginRight-lchren r-marginTop-1x0uki6"
  >
    <div
      className="css-view-1dbjc4n r-alignItems-1awozwy r-justifyContent-1777fci"
      style={
        Object {
          "backgroundColor": "rgba(66,165,245,1.00)",
          "borderBottomColor": "rgba(0,0,0,0.00)",
          "borderBottomLeftRadius": "4px",
          "borderBottomRightRadius": "4px",
          "borderBottomStyle": "solid",
          "borderBottomWidth": "0px",
          "borderLeftColor": "rgba(0,0,0,0.00)",
          "borderLeftStyle": "solid",
          "borderLeftWidth": "0px",
          "borderRightColor": "rgba(0,0,0,0.00)",
          "borderRightStyle": "solid",
          "borderRightWidth": "0px",
          "borderTopColor": "rgba(0,0,0,0.00)",
          "borderTopLeftRadius": "4px",
          "borderTopRightRadius": "4px",
          "borderTopStyle": "solid",
          "borderTopWidth": "0px",
          "minWidth": "64px",
          "paddingBottom": "5px",
          "paddingLeft": "5px",
          "paddingRight": "5px",
          "paddingTop": "5px",
        }
      }
    >
      <div
        aria-disabled={true}
        className="css-view-1dbjc4n r-backgroundColor-1niwhzg r-userSelect-lrvibr"
        disabled={true}
        onKeyDown={[Function]}
        onKeyUp={[Function]}
        onResponderGrant={[Function]}
        onResponderMove={[Function]}
        onResponderTerminate={[Function]}
        onResponderTerminationRequest={[Function]}
        onStartShouldSetResponder={[Function]}
        role="button"
        style={
          Object {
            "borderBottomLeftRadius": "4px",
            "borderBottomRightRadius": "4px",
            "borderTopLeftRadius": "4px",
            "borderTopRightRadius": "4px",
            "overflowX": "hidden",
            "overflowY": "hidden",
          }
        }
      >
        <div
          className="css-view-1dbjc4n r-alignItems-1awozwy r-flexDirection-18u37iz r-justifyContent-1777fci"
        >
          <div
            className="css-text-901oao css-textOneLine-bfa6kz r-letterSpacing-ud0q2t r-marginHorizontal-1ydw1k6 r-marginVertical-712mwr r-textAlign-q4m81j"
            dir="auto"
            style={
              Object {
                "color": "rgba(0,0,0,0.32)",
                "direction": "ltr",
                "fontFamily": "Roboto-Medium, Roboto, \\"Helvetica Neue\\", Helvetica, Arial, sans-serif",
              }
            }
          >
            <span
              className="css-text-901oao css-textHasAncestor-16my406 r-color-jwli3a r-fontWeight-1kfrs79 r-textTransform-tsynxw"
              dir="auto"
              style={
                Object {
                  "direction": "ltr",
                  "fontFamily": "Roboto, \\"Helvetica Neue\\", Helvetica, Arial, sans-serif",
                  "textAlign": "left",
                }
              }
            >
              Save Recipe
            </span>
          </div>
        </div>
      </div>
    </div>
  </div>
</div>
`;

exports[`recipe form Render recipe form component with size medium 1`] = `
<div
  className="css-view-1dbjc4n"
>
  <div
    className="css-text-901oao r-fontSize-adyw6z r-marginTop-1x0uki6 r-textAlign-q4m81j"
    dir="auto"
  >
    CREATE NEW A RECIPE
  </div>
  <div
    className="css-view-1dbjc4n"
  >
    <input
      autoCapitalize="none"
      autoComplete="on"
      autoCorrect="off"
      className="css-textinput-1cwyjr8 r-borderBottomWidth-qklmqi r-borderColor-34efmp r-color-cqee49 r-fontSize-ubezar r-fontWeight-vw2c0b r-height-eu3ka r-placeholderTextColor-1fufmm0"
      data-focusable={true}
      defaultValue=""
      dir="auto"
      onBlur={[Function]}
      onChange={[Function]}
      onFocus={[Function]}
      onKeyDown={[Function]}
      onKeyPress={[Function]}
      onSelect={[Function]}
      placeholder="Name"
      readOnly={false}
      spellCheck={false}
      type="text"
    />
  </div>
  <div
    className="css-text-901oao r-color-1vs7qoz r-fontSize-1i10wst r-fontStyle-36ujnk"
    dir="auto"
  />
  <div
    className="css-view-1dbjc4n"
  >
    <label
      className="css-text-901oao"
      dir="auto"
      for="file-input"
    >
      <div
        className="css-view-1dbjc4n r-alignItems-1awozwy r-backgroundColor-1pzepah r-display-xoduu5 r-flexDirection-eqz5dr r-fontSize-18i18we r-height-7r4507 r-justifyContent-1777fci r-marginBottom-15d164r r-marginTop-156q2ks r-width-13qz1uu"
      >
        <div
          className="css-cursor-18t94o4 css-view-1dbjc4n r-alignItems-1awozwy r-backgroundColor-1niwhzg r-borderRadius-6ncur5 r-cursor-1loqt21 r-display-xoduu5 r-height-1r8g8re r-justifyContent-1777fci r-margin-5scogr r-overflow-bztko3 r-touchAction-1otgn73 r-userSelect-lrvibr r-width-1acpoxo"
          data-focusable={true}
          disabled={false}
          onKeyDown={[Function]}
          onKeyPress={[Function]}
          onKeyUp={[Function]}
          onResponderGrant={[Function]}
          onResponderMove={[Function]}
          onResponderRelease={[Function]}
          onResponderTerminate={[Function]}
          onResponderTerminationRequest={[Function]}
          onStartShouldSetResponder={[Function]}
          role="button"
          tabIndex="0"
        >
          <span
            className="css-hitSlop-mjp8i1"
            style={
              Object {
                "bottom": "-6px",
                "left": "-6px",
                "right": "-6px",
                "top": "-6px",
              }
            }
          />
          <div
            className="css-view-1dbjc4n r-display-xoduu5"
          >
            <span
              className="css-text-901oao css-textHasAncestor-16my406 r-backgroundColor-1niwhzg r-color-cqee49 r-fontSize-18i18we r-pointerEvents-633pao"
              dir="auto"
              focusable={false}
              role="img"
              style={
                Object {
                  "WebkitTransform": "scaleX(1)",
                  "fontFamily": "MaterialIcons",
                  "fontStyle": "normal",
                  "fontWeight": "normal",
                  "transform": "scaleX(1)",
                }
              }
            >
              
            </span>
          </div>
        </div>
        <span
          className="css-text-901oao css-textHasAncestor-16my406 r-fontSize-ubezar r-marginLeft-11wrixw r-marginTop-1x0uki6 r-textAlign-q4m81j"
          dir="auto"
        >
          Set cover photo
        </span>
      </div>
    </label>
    <input
      id="file-input"
      style={
        Object {
          "display": "none",
        }
      }
      type="file"
    />
  </div>
  <div
    className="css-view-1dbjc4n"
  >
    <input
      autoCapitalize="none"
      autoComplete="on"
      autoCorrect="off"
      className="css-textinput-1cwyjr8 r-borderBottomWidth-qklmqi r-borderColor-34efmp r-color-cqee49 r-fontSize-ubezar r-fontWeight-vw2c0b r-height-eu3ka r-placeholderTextColor-1fufmm0"
      data-focusable={true}
      defaultValue=""
      dir="auto"
      onBlur={[Function]}
      onChange={[Function]}
      onFocus={[Function]}
      onKeyDown={[Function]}
      onKeyPress={[Function]}
      onSelect={[Function]}
      placeholder="Description"
      readOnly={false}
      spellCheck={false}
      type="text"
    />
  </div>
  <div
    className="css-view-1dbjc4n r-alignItems-1habvwh r-backgroundColor-1pzepah r-display-6koalj r-flexDirection-eqz5dr r-flexWrap-1w6e6rj r-justifyContent-1wtj0ep r-marginTop-156q2ks r-padding-1pcd2l5 r-paddingBottom-1mdbw0j"
    style={
      Object {
        "WebkitBoxFlex": 0,
        "WebkitFlexGrow": 0,
        "flexGrow": 0,
        "msFlexPositive": 0,
      }
    }
  >
    <div
      className="css-view-1dbjc4n r-width-13qz1uu"
    >
      <div
        className="css-view-1dbjc4n r-alignItems-1awozwy r-backgroundColor-14lw9ot r-borderRadius-1dzdj1l r-display-6koalj r-flexDirection-18u37iz r-fontSize-zz5t5d r-justifyContent-1h0z5md r-marginBottom-117bsoe"
      >
        <div
          className="css-cursor-18t94o4 css-view-1dbjc4n r-alignItems-1awozwy r-backgroundColor-1niwhzg r-borderRadius-6ncur5 r-cursor-1loqt21 r-height-1r8g8re r-justifyContent-1777fci r-margin-5scogr r-overflow-bztko3 r-touchAction-1otgn73 r-userSelect-lrvibr r-width-1acpoxo"
          data-focusable={true}
          disabled={false}
          onKeyDown={[Function]}
          onKeyPress={[Function]}
          onKeyUp={[Function]}
          onResponderGrant={[Function]}
          onResponderMove={[Function]}
          onResponderRelease={[Function]}
          onResponderTerminate={[Function]}
          onResponderTerminationRequest={[Function]}
          onStartShouldSetResponder={[Function]}
          role="button"
          tabIndex="0"
        >
          <span
            className="css-hitSlop-mjp8i1"
            style={
              Object {
                "bottom": "-6px",
                "left": "-6px",
                "right": "-6px",
                "top": "-6px",
              }
            }
          />
          <div
            className="css-view-1dbjc4n"
          >
            <div
              className="css-text-901oao r-backgroundColor-1niwhzg r-color-cqee49 r-pointerEvents-633pao"
              dir="auto"
              focusable={false}
              role="img"
              style={
                Object {
                  "WebkitTransform": "scaleX(1)",
                  "fontFamily": "MaterialIcons",
                  "fontSize": "30px",
                  "fontStyle": "normal",
                  "fontWeight": "normal",
                  "transform": "scaleX(1)",
                }
              }
            >
              
            </div>
          </div>
        </div>
        <div
          className="css-text-901oao r-fontSize-ubezar r-marginLeft-1n0xq6e r-textAlign-q4m81j"
          dir="auto"
        >
          Add categories
        </div>
      </div>
    </div>
    <div
      className="css-view-1dbjc4n r-width-13qz1uu"
    >
      <div
        className="css-view-1dbjc4n r-alignItems-1awozwy r-backgroundColor-14lw9ot r-borderRadius-1dzdj1l r-display-6koalj r-flexDirection-18u37iz r-fontSize-zz5t5d r-justifyContent-1h0z5md r-marginBottom-117bsoe"
      >
        <div
          className="css-cursor-18t94o4 css-view-1dbjc4n r-alignItems-1awozwy r-backgroundColor-1niwhzg r-borderRadius-6ncur5 r-cursor-1loqt21 r-height-1r8g8re r-justifyContent-1777fci r-margin-5scogr r-overflow-bztko3 r-touchAction-1otgn73 r-userSelect-lrvibr r-width-1acpoxo"
          data-focusable={true}
          disabled={false}
          onKeyDown={[Function]}
          onKeyPress={[Function]}
          onKeyUp={[Function]}
          onResponderGrant={[Function]}
          onResponderMove={[Function]}
          onResponderRelease={[Function]}
          onResponderTerminate={[Function]}
          onResponderTerminationRequest={[Function]}
          onStartShouldSetResponder={[Function]}
          role="button"
          tabIndex="0"
        >
          <span
            className="css-hitSlop-mjp8i1"
            style={
              Object {
                "bottom": "-6px",
                "left": "-6px",
                "right": "-6px",
                "top": "-6px",
              }
            }
          />
          <div
            className="css-view-1dbjc4n"
          >
            <div
              className="css-text-901oao r-backgroundColor-1niwhzg r-color-cqee49 r-pointerEvents-633pao"
              dir="auto"
              focusable={false}
              role="img"
              style={
                Object {
                  "WebkitTransform": "scaleX(1)",
                  "fontFamily": "MaterialIcons",
                  "fontSize": "30px",
                  "fontStyle": "normal",
                  "fontWeight": "normal",
                  "transform": "scaleX(1)",
                }
              }
            >
              
            </div>
          </div>
        </div>
        <div
          className="css-text-901oao r-fontSize-ubezar r-marginLeft-1n0xq6e r-textAlign-q4m81j"
          dir="auto"
        >
          Add cooking types
        </div>
      </div>
    </div>
  </div>
  <div
    className="css-view-1dbjc4n r-alignItems-1awozwy r-backgroundColor-1pzepah r-display-6koalj r-flexDirection-18u37iz r-flexWrap-1w6e6rj r-justifyContent-a2tzq0 r-marginTop-156q2ks r-padding-1pcd2l5"
    style={
      Object {
        "WebkitBoxFlex": 0,
        "WebkitFlexGrow": 0,
        "flexGrow": 0,
        "msFlexPositive": 0,
      }
    }
  >
    <div
      className="css-view-1dbjc4n r-alignItems-1awozwy r-backgroundColor-14lw9ot r-borderRadius-1dzdj1l r-display-6koalj r-flexDirection-eqz5dr r-fontSize-zz5t5d r-height-1dciyrv r-justifyContent-1777fci r-width-62p4ah"
    >
      <div
        className="css-cursor-18t94o4 css-view-1dbjc4n r-alignItems-1awozwy r-backgroundColor-1niwhzg r-borderRadius-6ncur5 r-cursor-1loqt21 r-height-1r8g8re r-justifyContent-1777fci r-margin-5scogr r-overflow-bztko3 r-touchAction-1otgn73 r-userSelect-lrvibr r-width-1acpoxo"
        data-focusable={true}
        disabled={false}
        onKeyDown={[Function]}
        onKeyPress={[Function]}
        onKeyUp={[Function]}
        onResponderGrant={[Function]}
        onResponderMove={[Function]}
        onResponderRelease={[Function]}
        onResponderTerminate={[Function]}
        onResponderTerminationRequest={[Function]}
        onStartShouldSetResponder={[Function]}
        role="button"
        tabIndex="0"
      >
        <span
          className="css-hitSlop-mjp8i1"
          style={
            Object {
              "bottom": "-6px",
              "left": "-6px",
              "right": "-6px",
              "top": "-6px",
            }
          }
        />
        <div
          className="css-view-1dbjc4n"
        >
          <div
            className="css-text-901oao r-backgroundColor-1niwhzg r-color-cqee49 r-pointerEvents-633pao"
            dir="auto"
            focusable={false}
            role="img"
            style={
              Object {
                "WebkitTransform": "scaleX(1)",
                "fontFamily": "MaterialIcons",
                "fontSize": "30px",
                "fontStyle": "normal",
                "fontWeight": "normal",
                "transform": "scaleX(1)",
              }
            }
          >
            
          </div>
        </div>
      </div>
      <div
        className="css-text-901oao r-fontSize-ubezar r-marginLeft-11wrixw r-textAlign-q4m81j"
        dir="auto"
      >
        Add ingredients
      </div>
    </div>
    <div
      className="css-view-1dbjc4n r-alignItems-1awozwy r-backgroundColor-14lw9ot r-borderRadius-1dzdj1l r-display-6koalj r-flexDirection-eqz5dr r-fontSize-zz5t5d r-height-1dciyrv r-justifyContent-1777fci r-marginLeft-1n0xq6e r-width-62p4ah"
    >
      <div
        className="css-cursor-18t94o4 css-view-1dbjc4n r-alignItems-1awozwy r-backgroundColor-1niwhzg r-borderRadius-6ncur5 r-cursor-1loqt21 r-height-1r8g8re r-justifyContent-1777fci r-margin-5scogr r-overflow-bztko3 r-touchAction-1otgn73 r-userSelect-lrvibr r-width-1acpoxo"
        data-focusable={true}
        disabled={false}
        onKeyDown={[Function]}
        onKeyPress={[Function]}
        onKeyUp={[Function]}
        onResponderGrant={[Function]}
        onResponderMove={[Function]}
        onResponderRelease={[Function]}
        onResponderTerminate={[Function]}
        onResponderTerminationRequest={[Function]}
        onStartShouldSetResponder={[Function]}
        role="button"
        tabIndex="0"
      >
        <span
          className="css-hitSlop-mjp8i1"
          style={
            Object {
              "bottom": "-6px",
              "left": "-6px",
              "right": "-6px",
              "top": "-6px",
            }
          }
        />
        <div
          className="css-view-1dbjc4n"
        >
          <div
            className="css-text-901oao r-backgroundColor-1niwhzg r-color-cqee49 r-pointerEvents-633pao"
            dir="auto"
            focusable={false}
            role="img"
            style={
              Object {
                "WebkitTransform": "scaleX(1)",
                "fontFamily": "MaterialIcons",
                "fontSize": "30px",
                "fontStyle": "normal",
                "fontWeight": "normal",
                "transform": "scaleX(1)",
              }
            }
          >
            
          </div>
        </div>
      </div>
      <div
        className="css-text-901oao r-fontSize-ubezar r-marginLeft-1n0xq6e r-textAlign-q4m81j"
        dir="auto"
      >
        Save And Write Steps
      </div>
    </div>
  </div>
  <div
    className="css-view-1dbjc4n r-marginBottom-117bsoe r-marginLeft-1jj8364 r-marginRight-lchren r-marginTop-1x0uki6"
  >
    <div
      className="css-view-1dbjc4n r-alignItems-1awozwy r-justifyContent-1777fci"
      style={
        Object {
          "backgroundColor": "rgba(66,165,245,1.00)",
          "borderBottomColor": "rgba(0,0,0,0.00)",
          "borderBottomLeftRadius": "4px",
          "borderBottomRightRadius": "4px",
          "borderBottomStyle": "solid",
          "borderBottomWidth": "0px",
          "borderLeftColor": "rgba(0,0,0,0.00)",
          "borderLeftStyle": "solid",
          "borderLeftWidth": "0px",
          "borderRightColor": "rgba(0,0,0,0.00)",
          "borderRightStyle": "solid",
          "borderRightWidth": "0px",
          "borderTopColor": "rgba(0,0,0,0.00)",
          "borderTopLeftRadius": "4px",
          "borderTopRightRadius": "4px",
          "borderTopStyle": "solid",
          "borderTopWidth": "0px",
          "minWidth": "64px",
          "paddingBottom": "5px",
          "paddingLeft": "5px",
          "paddingRight": "5px",
          "paddingTop": "5px",
        }
      }
    >
      <div
        aria-disabled={true}
        className="css-view-1dbjc4n r-backgroundColor-1niwhzg r-userSelect-lrvibr"
        disabled={true}
        onKeyDown={[Function]}
        onKeyUp={[Function]}
        onResponderGrant={[Function]}
        onResponderMove={[Function]}
        onResponderTerminate={[Function]}
        onResponderTerminationRequest={[Function]}
        onStartShouldSetResponder={[Function]}
        role="button"
        style={
          Object {
            "borderBottomLeftRadius": "4px",
            "borderBottomRightRadius": "4px",
            "borderTopLeftRadius": "4px",
            "borderTopRightRadius": "4px",
            "overflowX": "hidden",
            "overflowY": "hidden",
          }
        }
      >
        <div
          className="css-view-1dbjc4n r-alignItems-1awozwy r-flexDirection-18u37iz r-justifyContent-1777fci"
        >
          <div
            className="css-text-901oao css-textOneLine-bfa6kz r-letterSpacing-ud0q2t r-marginHorizontal-1ydw1k6 r-marginVertical-712mwr r-textAlign-q4m81j"
            dir="auto"
            style={
              Object {
                "color": "rgba(0,0,0,0.32)",
                "direction": "ltr",
                "fontFamily": "Roboto-Medium, Roboto, \\"Helvetica Neue\\", Helvetica, Arial, sans-serif",
              }
            }
          >
            <span
              className="css-text-901oao css-textHasAncestor-16my406 r-color-jwli3a r-fontWeight-1kfrs79 r-textTransform-tsynxw"
              dir="auto"
              style={
                Object {
                  "direction": "ltr",
                  "fontFamily": "Roboto, \\"Helvetica Neue\\", Helvetica, Arial, sans-serif",
                  "textAlign": "left",
                }
              }
            >
              Save Recipe
            </span>
          </div>
        </div>
      </div>
    </div>
  </div>
</div>
`;

exports[`recipe form Renders correctly Classify commponent 1`] = `null`;

exports[`recipe form Renders correctly directions form commponent 1`] = `null`;

exports[`recipe form Renders correctly directions form commponent with size large 1`] = `null`;

exports[`recipe form Renders correctly directions form commponent with size medium 1`] = `null`;

exports[`recipe form Renders correctly ingredients form commponent 1`] = `null`;

exports[`recipe form Renders correctly ingredients form commponent with size medium 1`] = `null`;

exports[`recipe form Renders correctly recipe form commponent 1`] = `
<div
  className="css-view-1dbjc4n"
>
  <div
    className="css-text-901oao r-fontSize-adyw6z r-marginTop-1x0uki6 r-textAlign-q4m81j"
    dir="auto"
  >
    CREATE NEW A RECIPE
  </div>
  <div
    className="css-view-1dbjc4n"
  >
    <input
      autoCapitalize="none"
      autoComplete="on"
      autoCorrect="off"
      className="css-textinput-1cwyjr8 r-borderBottomWidth-qklmqi r-borderColor-34efmp r-color-cqee49 r-fontSize-ubezar r-fontWeight-vw2c0b r-height-eu3ka r-placeholderTextColor-1fufmm0"
      data-focusable={true}
      defaultValue=""
      dir="auto"
      onBlur={[Function]}
      onChange={[Function]}
      onFocus={[Function]}
      onKeyDown={[Function]}
      onKeyPress={[Function]}
      onSelect={[Function]}
      placeholder="Name"
      readOnly={false}
      spellCheck={false}
      type="text"
    />
  </div>
  <div
    className="css-text-901oao r-color-1vs7qoz r-fontSize-1i10wst r-fontStyle-36ujnk"
    dir="auto"
  />
  <div
    className="css-view-1dbjc4n"
  >
    <label
      className="css-text-901oao"
      dir="auto"
      for="file-input"
    >
      <div
        className="css-view-1dbjc4n r-alignItems-1awozwy r-backgroundColor-1pzepah r-display-xoduu5 r-flexDirection-eqz5dr r-fontSize-18i18we r-height-7r4507 r-justifyContent-1777fci r-marginBottom-15d164r r-marginTop-156q2ks r-width-13qz1uu"
      >
        <div
          className="css-cursor-18t94o4 css-view-1dbjc4n r-alignItems-1awozwy r-backgroundColor-1niwhzg r-borderRadius-6ncur5 r-cursor-1loqt21 r-display-xoduu5 r-height-1r8g8re r-justifyContent-1777fci r-margin-5scogr r-overflow-bztko3 r-touchAction-1otgn73 r-userSelect-lrvibr r-width-1acpoxo"
          data-focusable={true}
          disabled={false}
          onKeyDown={[Function]}
          onKeyPress={[Function]}
          onKeyUp={[Function]}
          onResponderGrant={[Function]}
          onResponderMove={[Function]}
          onResponderRelease={[Function]}
          onResponderTerminate={[Function]}
          onResponderTerminationRequest={[Function]}
          onStartShouldSetResponder={[Function]}
          role="button"
          tabIndex="0"
        >
          <span
            className="css-hitSlop-mjp8i1"
            style={
              Object {
                "bottom": "-6px",
                "left": "-6px",
                "right": "-6px",
                "top": "-6px",
              }
            }
          />
          <div
            className="css-view-1dbjc4n r-display-xoduu5"
          >
            <span
              className="css-text-901oao css-textHasAncestor-16my406 r-backgroundColor-1niwhzg r-color-cqee49 r-fontSize-18i18we r-pointerEvents-633pao"
              dir="auto"
              focusable={false}
              role="img"
              style={
                Object {
                  "WebkitTransform": "scaleX(1)",
                  "fontFamily": "MaterialIcons",
                  "fontStyle": "normal",
                  "fontWeight": "normal",
                  "transform": "scaleX(1)",
                }
              }
            >
              
            </span>
          </div>
        </div>
        <span
          className="css-text-901oao css-textHasAncestor-16my406 r-fontSize-ubezar r-marginLeft-11wrixw r-marginTop-1x0uki6 r-textAlign-q4m81j"
          dir="auto"
        >
          Set cover photo
        </span>
      </div>
    </label>
    <input
      id="file-input"
      style={
        Object {
          "display": "none",
        }
      }
      type="file"
    />
  </div>
  <div
    className="css-view-1dbjc4n"
  >
    <input
      autoCapitalize="none"
      autoComplete="on"
      autoCorrect="off"
      className="css-textinput-1cwyjr8 r-borderBottomWidth-qklmqi r-borderColor-34efmp r-color-cqee49 r-fontSize-ubezar r-fontWeight-vw2c0b r-height-eu3ka r-placeholderTextColor-1fufmm0"
      data-focusable={true}
      defaultValue=""
      dir="auto"
      onBlur={[Function]}
      onChange={[Function]}
      onFocus={[Function]}
      onKeyDown={[Function]}
      onKeyPress={[Function]}
      onSelect={[Function]}
      placeholder="Description"
      readOnly={false}
      spellCheck={false}
      type="text"
    />
  </div>
  <div
    className="css-view-1dbjc4n r-alignItems-1habvwh r-backgroundColor-1pzepah r-display-6koalj r-flexDirection-eqz5dr r-flexWrap-1w6e6rj r-justifyContent-1wtj0ep r-marginTop-156q2ks r-padding-1pcd2l5 r-paddingBottom-1mdbw0j"
    style={
      Object {
        "WebkitBoxFlex": 0,
        "WebkitFlexGrow": 0,
        "flexGrow": 0,
        "msFlexPositive": 0,
      }
    }
  >
    <div
      className="css-view-1dbjc4n r-width-13qz1uu"
    >
      <div
        className="css-view-1dbjc4n r-alignItems-1awozwy r-backgroundColor-14lw9ot r-borderRadius-1dzdj1l r-display-6koalj r-flexDirection-18u37iz r-fontSize-zz5t5d r-justifyContent-1h0z5md r-marginBottom-117bsoe"
      >
        <div
          className="css-cursor-18t94o4 css-view-1dbjc4n r-alignItems-1awozwy r-backgroundColor-1niwhzg r-borderRadius-6ncur5 r-cursor-1loqt21 r-height-1r8g8re r-justifyContent-1777fci r-margin-5scogr r-overflow-bztko3 r-touchAction-1otgn73 r-userSelect-lrvibr r-width-1acpoxo"
          data-focusable={true}
          disabled={false}
          onKeyDown={[Function]}
          onKeyPress={[Function]}
          onKeyUp={[Function]}
          onResponderGrant={[Function]}
          onResponderMove={[Function]}
          onResponderRelease={[Function]}
          onResponderTerminate={[Function]}
          onResponderTerminationRequest={[Function]}
          onStartShouldSetResponder={[Function]}
          role="button"
          tabIndex="0"
        >
          <span
            className="css-hitSlop-mjp8i1"
            style={
              Object {
                "bottom": "-6px",
                "left": "-6px",
                "right": "-6px",
                "top": "-6px",
              }
            }
          />
          <div
            className="css-view-1dbjc4n"
          >
            <div
              className="css-text-901oao r-backgroundColor-1niwhzg r-color-cqee49 r-pointerEvents-633pao"
              dir="auto"
              focusable={false}
              role="img"
              style={
                Object {
                  "WebkitTransform": "scaleX(1)",
                  "fontFamily": "MaterialIcons",
                  "fontSize": "30px",
                  "fontStyle": "normal",
                  "fontWeight": "normal",
                  "transform": "scaleX(1)",
                }
              }
            >
              
            </div>
          </div>
        </div>
        <div
          className="css-text-901oao r-fontSize-ubezar r-marginLeft-1n0xq6e r-textAlign-q4m81j"
          dir="auto"
        >
          Add categories
        </div>
      </div>
    </div>
    <div
      className="css-view-1dbjc4n r-width-13qz1uu"
    >
      <div
        className="css-view-1dbjc4n r-alignItems-1awozwy r-backgroundColor-14lw9ot r-borderRadius-1dzdj1l r-display-6koalj r-flexDirection-18u37iz r-fontSize-zz5t5d r-justifyContent-1h0z5md r-marginBottom-117bsoe"
      >
        <div
          className="css-cursor-18t94o4 css-view-1dbjc4n r-alignItems-1awozwy r-backgroundColor-1niwhzg r-borderRadius-6ncur5 r-cursor-1loqt21 r-height-1r8g8re r-justifyContent-1777fci r-margin-5scogr r-overflow-bztko3 r-touchAction-1otgn73 r-userSelect-lrvibr r-width-1acpoxo"
          data-focusable={true}
          disabled={false}
          onKeyDown={[Function]}
          onKeyPress={[Function]}
          onKeyUp={[Function]}
          onResponderGrant={[Function]}
          onResponderMove={[Function]}
          onResponderRelease={[Function]}
          onResponderTerminate={[Function]}
          onResponderTerminationRequest={[Function]}
          onStartShouldSetResponder={[Function]}
          role="button"
          tabIndex="0"
        >
          <span
            className="css-hitSlop-mjp8i1"
            style={
              Object {
                "bottom": "-6px",
                "left": "-6px",
                "right": "-6px",
                "top": "-6px",
              }
            }
          />
          <div
            className="css-view-1dbjc4n"
          >
            <div
              className="css-text-901oao r-backgroundColor-1niwhzg r-color-cqee49 r-pointerEvents-633pao"
              dir="auto"
              focusable={false}
              role="img"
              style={
                Object {
                  "WebkitTransform": "scaleX(1)",
                  "fontFamily": "MaterialIcons",
                  "fontSize": "30px",
                  "fontStyle": "normal",
                  "fontWeight": "normal",
                  "transform": "scaleX(1)",
                }
              }
            >
              
            </div>
          </div>
        </div>
        <div
          className="css-text-901oao r-fontSize-ubezar r-marginLeft-1n0xq6e r-textAlign-q4m81j"
          dir="auto"
        >
          Add cooking types
        </div>
      </div>
    </div>
  </div>
  <div
    className="css-view-1dbjc4n r-alignItems-1awozwy r-backgroundColor-1pzepah r-display-6koalj r-flexDirection-18u37iz r-flexWrap-1w6e6rj r-justifyContent-a2tzq0 r-marginTop-156q2ks r-padding-1pcd2l5"
    style={
      Object {
        "WebkitBoxFlex": 0,
        "WebkitFlexGrow": 0,
        "flexGrow": 0,
        "msFlexPositive": 0,
      }
    }
  >
    <div
      className="css-view-1dbjc4n r-alignItems-1awozwy r-backgroundColor-14lw9ot r-borderRadius-1dzdj1l r-display-6koalj r-flexDirection-eqz5dr r-fontSize-zz5t5d r-height-1dciyrv r-justifyContent-1777fci r-width-62p4ah"
    >
      <div
        className="css-cursor-18t94o4 css-view-1dbjc4n r-alignItems-1awozwy r-backgroundColor-1niwhzg r-borderRadius-6ncur5 r-cursor-1loqt21 r-height-1r8g8re r-justifyContent-1777fci r-margin-5scogr r-overflow-bztko3 r-touchAction-1otgn73 r-userSelect-lrvibr r-width-1acpoxo"
        data-focusable={true}
        disabled={false}
        onKeyDown={[Function]}
        onKeyPress={[Function]}
        onKeyUp={[Function]}
        onResponderGrant={[Function]}
        onResponderMove={[Function]}
        onResponderRelease={[Function]}
        onResponderTerminate={[Function]}
        onResponderTerminationRequest={[Function]}
        onStartShouldSetResponder={[Function]}
        role="button"
        tabIndex="0"
      >
        <span
          className="css-hitSlop-mjp8i1"
          style={
            Object {
              "bottom": "-6px",
              "left": "-6px",
              "right": "-6px",
              "top": "-6px",
            }
          }
        />
        <div
          className="css-view-1dbjc4n"
        >
          <div
            className="css-text-901oao r-backgroundColor-1niwhzg r-color-cqee49 r-pointerEvents-633pao"
            dir="auto"
            focusable={false}
            role="img"
            style={
              Object {
                "WebkitTransform": "scaleX(1)",
                "fontFamily": "MaterialIcons",
                "fontSize": "30px",
                "fontStyle": "normal",
                "fontWeight": "normal",
                "transform": "scaleX(1)",
              }
            }
          >
            
          </div>
        </div>
      </div>
      <div
        className="css-text-901oao r-fontSize-ubezar r-marginLeft-11wrixw r-textAlign-q4m81j"
        dir="auto"
      >
        Add ingredients
      </div>
    </div>
    <div
      className="css-view-1dbjc4n r-alignItems-1awozwy r-backgroundColor-14lw9ot r-borderRadius-1dzdj1l r-display-6koalj r-flexDirection-eqz5dr r-fontSize-zz5t5d r-height-1dciyrv r-justifyContent-1777fci r-marginLeft-1n0xq6e r-width-62p4ah"
    >
      <div
        className="css-cursor-18t94o4 css-view-1dbjc4n r-alignItems-1awozwy r-backgroundColor-1niwhzg r-borderRadius-6ncur5 r-cursor-1loqt21 r-height-1r8g8re r-justifyContent-1777fci r-margin-5scogr r-overflow-bztko3 r-touchAction-1otgn73 r-userSelect-lrvibr r-width-1acpoxo"
        data-focusable={true}
        disabled={false}
        onKeyDown={[Function]}
        onKeyPress={[Function]}
        onKeyUp={[Function]}
        onResponderGrant={[Function]}
        onResponderMove={[Function]}
        onResponderRelease={[Function]}
        onResponderTerminate={[Function]}
        onResponderTerminationRequest={[Function]}
        onStartShouldSetResponder={[Function]}
        role="button"
        tabIndex="0"
      >
        <span
          className="css-hitSlop-mjp8i1"
          style={
            Object {
              "bottom": "-6px",
              "left": "-6px",
              "right": "-6px",
              "top": "-6px",
            }
          }
        />
        <div
          className="css-view-1dbjc4n"
        >
          <div
            className="css-text-901oao r-backgroundColor-1niwhzg r-color-cqee49 r-pointerEvents-633pao"
            dir="auto"
            focusable={false}
            role="img"
            style={
              Object {
                "WebkitTransform": "scaleX(1)",
                "fontFamily": "MaterialIcons",
                "fontSize": "30px",
                "fontStyle": "normal",
                "fontWeight": "normal",
                "transform": "scaleX(1)",
              }
            }
          >
            
          </div>
        </div>
      </div>
      <div
        className="css-text-901oao r-fontSize-ubezar r-marginLeft-1n0xq6e r-textAlign-q4m81j"
        dir="auto"
      >
        Save And Write Steps
      </div>
    </div>
  </div>
  <div
    className="css-view-1dbjc4n r-marginBottom-117bsoe r-marginLeft-1jj8364 r-marginRight-lchren r-marginTop-1x0uki6"
  >
    <div
      className="css-view-1dbjc4n r-alignItems-1awozwy r-justifyContent-1777fci"
      style={
        Object {
          "backgroundColor": "rgba(66,165,245,1.00)",
          "borderBottomColor": "rgba(0,0,0,0.00)",
          "borderBottomLeftRadius": "4px",
          "borderBottomRightRadius": "4px",
          "borderBottomStyle": "solid",
          "borderBottomWidth": "0px",
          "borderLeftColor": "rgba(0,0,0,0.00)",
          "borderLeftStyle": "solid",
          "borderLeftWidth": "0px",
          "borderRightColor": "rgba(0,0,0,0.00)",
          "borderRightStyle": "solid",
          "borderRightWidth": "0px",
          "borderTopColor": "rgba(0,0,0,0.00)",
          "borderTopLeftRadius": "4px",
          "borderTopRightRadius": "4px",
          "borderTopStyle": "solid",
          "borderTopWidth": "0px",
          "minWidth": "64px",
          "paddingBottom": "5px",
          "paddingLeft": "5px",
          "paddingRight": "5px",
          "paddingTop": "5px",
        }
      }
    >
      <div
        aria-disabled={true}
        className="css-view-1dbjc4n r-backgroundColor-1niwhzg r-userSelect-lrvibr"
        disabled={true}
        onKeyDown={[Function]}
        onKeyUp={[Function]}
        onResponderGrant={[Function]}
        onResponderMove={[Function]}
        onResponderTerminate={[Function]}
        onResponderTerminationRequest={[Function]}
        onStartShouldSetResponder={[Function]}
        role="button"
        style={
          Object {
            "borderBottomLeftRadius": "4px",
            "borderBottomRightRadius": "4px",
            "borderTopLeftRadius": "4px",
            "borderTopRightRadius": "4px",
            "overflowX": "hidden",
            "overflowY": "hidden",
          }
        }
      >
        <div
          className="css-view-1dbjc4n r-alignItems-1awozwy r-flexDirection-18u37iz r-justifyContent-1777fci"
        >
          <div
            className="css-text-901oao css-textOneLine-bfa6kz r-letterSpacing-ud0q2t r-marginHorizontal-1ydw1k6 r-marginVertical-712mwr r-textAlign-q4m81j"
            dir="auto"
            style={
              Object {
                "color": "rgba(0,0,0,0.32)",
                "direction": "ltr",
                "fontFamily": "Roboto-Medium, Roboto, \\"Helvetica Neue\\", Helvetica, Arial, sans-serif",
              }
            }
          >
            <span
              className="css-text-901oao css-textHasAncestor-16my406 r-color-jwli3a r-fontWeight-1kfrs79 r-textTransform-tsynxw"
              dir="auto"
              style={
                Object {
                  "direction": "ltr",
                  "fontFamily": "Roboto, \\"Helvetica Neue\\", Helvetica, Arial, sans-serif",
                  "textAlign": "left",
                }
              }
            >
              Save Recipe
            </span>
          </div>
        </div>
      </div>
    </div>
  </div>
</div>
`;
