// Jest Snapshot v1, https://goo.gl/fbAQLP

exports[`Screen Profile should render Category component with grid 1`] = `
<div
  className="css-view-1dbjc4n r-backgroundColor-14lw9ot r-width-13qz1uu"
>
  <div
    className="css-view-1dbjc4n r-backgroundColor-kemksi r-opacity-1g80hic"
  >
    <div
      className="css-view-1dbjc4n r-alignItems-1habvwh r-height-7r4507 r-justifyContent-17s6mgv r-marginLeft-1jj8364 r-marginRight-lchren r-maxWidth-c3zab1 r-paddingHorizontal-d9fdf6 r-width-13qz1uu"
    >
      <div
        className="css-view-1dbjc4n r-cursor-1loqt21 r-touchAction-1otgn73 r-transitionDuration-eafdt9 r-transitionProperty-1i6wzkk r-userSelect-lrvibr"
        data-focusable={true}
        disabled={false}
        onKeyDown={[Function]}
        onKeyUp={[Function]}
        onResponderGrant={[Function]}
        onResponderMove={[Function]}
        onResponderRelease={[Function]}
        onResponderTerminate={[Function]}
        onResponderTerminationRequest={[Function]}
        onStartShouldSetResponder={[Function]}
        tabIndex="0"
      >
        <div
          className="css-view-1dbjc4n r-flexBasis-1mlwlqe r-overflow-1udh08x r-zIndex-417010"
          style={
            Object {
              "borderBottomColor": "rgba(255,255,255,1.00)",
              "borderBottomLeftRadius": "50%",
              "borderBottomRightRadius": "50%",
              "borderBottomWidth": "3px",
              "borderLeftColor": "rgba(255,255,255,1.00)",
              "borderLeftWidth": "3px",
              "borderRightColor": "rgba(255,255,255,1.00)",
              "borderRightWidth": "3px",
              "borderTopColor": "rgba(255,255,255,1.00)",
              "borderTopLeftRadius": "50%",
              "borderTopRightRadius": "50%",
              "borderTopWidth": "3px",
              "height": "80px",
              "marginBottom": "-10px",
              "width": "80px",
            }
          }
        >
          <div
            className="css-view-1dbjc4n r-backgroundColor-1niwhzg r-backgroundPosition-vvn4in r-backgroundRepeat-u6sd8q r-backgroundSize-4gszlv r-bottom-1p0dtai r-height-1pi2tsx r-left-1d2f490 r-position-u8s1d r-right-zchlnj r-top-ipm5af r-width-13qz1uu r-zIndex-1wyyakw"
            style={
              Object {
                "backgroundImage": "url(\\"https://cdn4.iconfinder.com/data/icons/avatars-21/512/avatar-circle-human-female-black-7-512.png\\")",
              }
            }
          />
          <img
            alt=""
            className="css-accessibilityImage-9pa8cd"
            draggable={false}
            src="https://cdn4.iconfinder.com/data/icons/avatars-21/512/avatar-circle-human-female-black-7-512.png"
          />
        </div>
      </div>
    </div>
  </div>
  <div
    className="css-view-1dbjc4n r-backgroundColor-14lw9ot r-flexDirection-18u37iz r-justifyContent-1wtj0ep r-marginLeft-1jj8364 r-marginRight-lchren r-maxWidth-c3zab1 r-padding-1pcd2l5 r-width-13qz1uu r-zIndex-1wyyakw"
  >
    <div
      className="css-text-901oao r-fontSize-adyw6z r-fontWeight-1kfrs79"
      dir="auto"
    >
      Alex
    </div>
    <div
      className="css-view-1dbjc4n r-backgroundColor-14lw9ot"
      style={
        Object {
          "WebkitAlignItems": "center",
          "WebkitBoxAlign": "center",
          "WebkitBoxPack": "center",
          "WebkitJustifyContent": "center",
          "alignItems": "center",
          "borderBottomColor": "rgba(0,0,0,1.00)",
          "borderBottomLeftRadius": "20px",
          "borderBottomRightRadius": "20px",
          "borderBottomStyle": "solid",
          "borderBottomWidth": "1px",
          "borderLeftColor": "rgba(0,0,0,1.00)",
          "borderLeftStyle": "solid",
          "borderLeftWidth": "1px",
          "borderRightColor": "rgba(0,0,0,1.00)",
          "borderRightStyle": "solid",
          "borderRightWidth": "1px",
          "borderTopColor": "rgba(0,0,0,1.00)",
          "borderTopLeftRadius": "20px",
          "borderTopRightRadius": "20px",
          "borderTopStyle": "solid",
          "borderTopWidth": "1px",
          "boxShadow": "0px 0.75px 1.5px rgba(0,0,0,0.24)",
          "justifyContent": "center",
          "minWidth": "64px",
          "msFlexAlign": "center",
          "msFlexPack": "center",
          "paddingBottom": "0px",
          "paddingLeft": "0px",
          "paddingRight": "0px",
          "paddingTop": "0px",
        }
      }
    >
      <div
        className="css-cursor-18t94o4 css-view-1dbjc4n r-backgroundColor-1niwhzg r-cursor-1loqt21 r-overflow-1udh08x r-touchAction-1otgn73 r-userSelect-lrvibr"
        data-focusable={true}
        disabled={false}
        onKeyDown={[Function]}
        onKeyPress={[Function]}
        onKeyUp={[Function]}
        onResponderGrant={[Function]}
        onResponderMove={[Function]}
        onResponderRelease={[Function]}
        onResponderTerminate={[Function]}
        onResponderTerminationRequest={[Function]}
        onStartShouldSetResponder={[Function]}
        role="button"
        style={
          Object {
            "borderBottomLeftRadius": "4px",
            "borderBottomRightRadius": "4px",
            "borderTopLeftRadius": "4px",
            "borderTopRightRadius": "4px",
          }
        }
        tabIndex="0"
      >
        <div
          className="css-view-1dbjc4n r-alignItems-1awozwy r-flexDirection-18u37iz r-justifyContent-1777fci"
        >
          <div
            className="css-text-901oao css-textOneLine-bfa6kz r-letterSpacing-ud0q2t r-marginHorizontal-1ydw1k6 r-marginVertical-712mwr r-textAlign-q4m81j"
            dir="auto"
            style={
              Object {
                "color": "rgba(0,0,0,1.00)",
                "direction": "ltr",
                "fontFamily": "Roboto-Medium, Roboto, \\"Helvetica Neue\\", Helvetica, Arial, sans-serif",
              }
            }
          >
            <span
              className="css-text-901oao css-textHasAncestor-16my406 r-color-cqee49 r-fontWeight-1kfrs79 r-textTransform-3twk1y"
              dir="auto"
              style={
                Object {
                  "direction": "ltr",
                  "fontFamily": "Roboto, \\"Helvetica Neue\\", Helvetica, Arial, sans-serif",
                  "textAlign": "left",
                }
              }
            >
              Edit profile
            </span>
          </div>
        </div>
      </div>
    </div>
  </div>
  <div
    className="css-view-1dbjc4n r-marginLeft-1jj8364 r-marginRight-lchren r-width-13qz1uu"
  >
    <div
      className="css-view-1dbjc4n r-backgroundColor-14lw9ot r-flexDirection-18u37iz r-marginLeft-1jj8364 r-marginRight-lchren r-maxWidth-c3zab1 r-padding-1pcd2l5 r-paddingBottom-1mdbw0j r-width-13qz1uu"
    >
      <div
        className="css-view-1dbjc4n r-borderBottomWidth-qklmqi r-borderColor-1xc7w19 r-borderStyle-1phboty r-cursor-1loqt21 r-paddingBottom-1inuy60 r-paddingLeft-1hfyk0a r-touchAction-1otgn73 r-width-1iadsmv"
        data-focusable={true}
        onKeyDown={[Function]}
        onKeyUp={[Function]}
        onResponderGrant={[Function]}
        onResponderMove={[Function]}
        onResponderRelease={[Function]}
        onResponderTerminate={[Function]}
        onResponderTerminationRequest={[Function]}
        onStartShouldSetResponder={[Function]}
        tabIndex="0"
      >
        <div
          className="css-text-901oao r-fontWeight-majxgm"
          dir="auto"
        >
          0
        </div>
        <div
          className="css-text-901oao r-fontWeight-majxgm"
          dir="auto"
        >
          recipes
        </div>
      </div>
      <div
        className="css-view-1dbjc4n r-borderBottomWidth-qklmqi r-borderColor-42olwf r-borderStyle-1phboty r-cursor-1loqt21 r-paddingBottom-1inuy60 r-paddingLeft-1hfyk0a r-touchAction-1otgn73 r-width-1iadsmv"
        data-focusable={true}
        onKeyDown={[Function]}
        onKeyUp={[Function]}
        onResponderGrant={[Function]}
        onResponderMove={[Function]}
        onResponderRelease={[Function]}
        onResponderTerminate={[Function]}
        onResponderTerminationRequest={[Function]}
        onStartShouldSetResponder={[Function]}
        tabIndex="0"
      >
        <div
          className="css-text-901oao r-fontWeight-majxgm"
          dir="auto"
        >
          4
        </div>
        <div
          className="css-text-901oao r-fontWeight-majxgm"
          dir="auto"
        >
          favorites
        </div>
      </div>
    </div>
    <div
      className="css-view-1dbjc4n r-backgroundColor-n2h5ot r-flexDirection-18u37iz r-flexWrap-1w6e6rj r-marginLeft-1jj8364 r-marginRight-lchren r-maxWidth-c3zab1 r-minHeight-fo66li r-padding-1pcd2l5 r-width-13qz1uu"
    >
      <div
        className="css-text-901oao"
        dir="auto"
      >
        No recipes to show
      </div>
    </div>
  </div>
</div>
`;
