// Jest Snapshot v1, https://goo.gl/fbAQLP

exports[`Components Header should render Header component with grid 1`] = `
<div
  className="css-view-1dbjc4n r-backgroundColor-14lw9ot r-flexDirection-18u37iz r-justifyContent-1wtj0ep r-marginLeft-1jj8364 r-marginRight-lchren r-maxWidth-c3zab1 r-padding-1pcd2l5 r-width-13qz1uu r-zIndex-1wyyakw"
>
  <div
    className="css-text-901oao r-fontSize-adyw6z r-fontWeight-1kfrs79"
    dir="auto"
  >
    Alex
  </div>
  <div
    className="css-view-1dbjc4n r-backgroundColor-14lw9ot"
    style={
      Object {
        "WebkitAlignItems": "center",
        "WebkitBoxAlign": "center",
        "WebkitBoxPack": "center",
        "WebkitJustifyContent": "center",
        "alignItems": "center",
        "borderBottomColor": "rgba(0,0,0,1.00)",
        "borderBottomLeftRadius": "20px",
        "borderBottomRightRadius": "20px",
        "borderBottomStyle": "solid",
        "borderBottomWidth": "1px",
        "borderLeftColor": "rgba(0,0,0,1.00)",
        "borderLeftStyle": "solid",
        "borderLeftWidth": "1px",
        "borderRightColor": "rgba(0,0,0,1.00)",
        "borderRightStyle": "solid",
        "borderRightWidth": "1px",
        "borderTopColor": "rgba(0,0,0,1.00)",
        "borderTopLeftRadius": "20px",
        "borderTopRightRadius": "20px",
        "borderTopStyle": "solid",
        "borderTopWidth": "1px",
        "boxShadow": "0px 0.75px 1.5px rgba(0,0,0,0.24)",
        "justifyContent": "center",
        "minWidth": "64px",
        "msFlexAlign": "center",
        "msFlexPack": "center",
        "paddingBottom": "0px",
        "paddingLeft": "0px",
        "paddingRight": "0px",
        "paddingTop": "0px",
      }
    }
  >
    <div
      className="css-cursor-18t94o4 css-view-1dbjc4n r-backgroundColor-1niwhzg r-cursor-1loqt21 r-touchAction-1otgn73 r-userSelect-lrvibr"
      data-focusable={true}
      disabled={false}
      onKeyDown={[Function]}
      onKeyPress={[Function]}
      onKeyUp={[Function]}
      onResponderGrant={[Function]}
      onResponderMove={[Function]}
      onResponderRelease={[Function]}
      onResponderTerminate={[Function]}
      onResponderTerminationRequest={[Function]}
      onStartShouldSetResponder={[Function]}
      role="button"
      style={
        Object {
          "borderBottomLeftRadius": "4px",
          "borderBottomRightRadius": "4px",
          "borderTopLeftRadius": "4px",
          "borderTopRightRadius": "4px",
          "overflowX": "hidden",
          "overflowY": "hidden",
        }
      }
      tabIndex="0"
    >
      <div
        className="css-view-1dbjc4n r-alignItems-1awozwy r-flexDirection-18u37iz r-justifyContent-1777fci"
      >
        <div
          className="css-text-901oao css-textOneLine-bfa6kz r-letterSpacing-ud0q2t r-marginHorizontal-1ydw1k6 r-marginVertical-712mwr r-textAlign-q4m81j"
          dir="auto"
          style={
            Object {
              "color": "rgba(0,0,0,1.00)",
              "direction": "ltr",
              "fontFamily": "Roboto-Medium, Roboto, \\"Helvetica Neue\\", Helvetica, Arial, sans-serif",
            }
          }
        >
          <span
            className="css-text-901oao css-textHasAncestor-16my406 r-color-cqee49 r-fontWeight-1kfrs79 r-textTransform-3twk1y"
            dir="auto"
            style={
              Object {
                "direction": "ltr",
                "fontFamily": "Roboto, \\"Helvetica Neue\\", Helvetica, Arial, sans-serif",
                "textAlign": "left",
              }
            }
          >
            Edit profile
          </span>
        </div>
      </div>
    </div>
  </div>
</div>
`;
