// Jest Snapshot v1, https://goo.gl/fbAQLP

exports[`Header new feed Render recipe component with size large 1`] = `ShallowWrapper {}`;

exports[`Header new feed Render recipe component with size medium 1`] = `ShallowWrapper {}`;

exports[`Header new feed Renders correctly header commponent 1`] = `ShallowWrapper {}`;
