// Jest Snapshot v1, https://goo.gl/fbAQLP

exports[`Components Wrapper should render Button component 1`] = `
<div
  className="css-view-1dbjc4n r-alignItems-1awozwy r-display-6koalj r-flexDirection-18u37iz r-flexWrap-1w6e6rj r-justifyContent-a2tzq0"
  style={
    Object {
      "WebkitBoxFlex": 0,
      "WebkitFlexGrow": 0,
      "flexGrow": 0,
      "msFlexPositive": 0,
    }
  }
>
  <p>
    test
  </p>
</div>
`;
