// Jest Snapshot v1, https://goo.gl/fbAQLP

exports[`Recipe by step Render Recipe component with loading true 1`] = `
<div
  className="css-view-1dbjc4n r-justifyContent-1777fci"
  style={
    Object {
      "WebkitBoxFlex": 1,
      "WebkitFlexBasis": "0%",
      "WebkitFlexGrow": 1,
      "WebkitFlexShrink": 1,
      "flexBasis": "0%",
      "flexGrow": 1,
      "flexShrink": 1,
      "msFlexNegative": 1,
      "msFlexPositive": 1,
      "msFlexPreferredSize": "0%",
    }
  }
>
  <div
    aria-valuemax="1"
    aria-valuemin="0"
    className="css-view-1dbjc4n r-alignItems-1awozwy r-justifyContent-1777fci"
    role="progressbar"
  >
    <div
      className="css-view-1dbjc4n r-animationDuration-17bb2tj r-animationIterationCount-1muvv40 r-animationKeyframes-127358a r-animationTimingFunction-1ldzwu0 r-height-z80fyv r-width-19wmn03"
    >
      <svg
        height="100%"
        viewBox="0 0 32 32"
        width="100%"
      >
        <circle
          cx="16"
          cy="16"
          fill="none"
          r="14"
          strokeWidth="4"
          style={
            Object {
              "opacity": 0.2,
              "stroke": "#c5c5c5",
            }
          }
        />
        <circle
          cx="16"
          cy="16"
          fill="none"
          r="14"
          strokeWidth="4"
          style={
            Object {
              "stroke": "#c5c5c5",
              "strokeDasharray": 80,
              "strokeDashoffset": 60,
            }
          }
        />
      </svg>
    </div>
  </div>
</div>
`;

exports[`Recipe by step Render direction component with size medium 1`] = `ShallowWrapper {}`;

exports[`Recipe by step Render direction component with step info 1`] = `ShallowWrapper {}`;

exports[`Recipe by step Render directions component with recipe description 1`] = `ReactWrapper {}`;

exports[`Recipe by step Render directions component with size medium 1`] = `ReactWrapper {}`;

exports[`Recipe by step Render directions component with steps array 1`] = `ReactWrapper {}`;

exports[`Recipe by step Render ingredient component with size medium 1`] = `ShallowWrapper {}`;

exports[`Recipe by step Render ingredient component with text 1`] = `ShallowWrapper {}`;

exports[`Recipe by step Render ingredients component with size medium 1`] = `ReactWrapper {}`;

exports[`Recipe by step Render recipe component with size medium 1`] = `ReactWrapper {}`;

exports[`Recipe by step Renders correctly direction commponent 1`] = `ShallowWrapper {}`;

exports[`Recipe by step Renders correctly directions commponent 1`] = `ReactWrapper {}`;

exports[`Recipe by step Renders correctly ingredient component 1`] = `ShallowWrapper {}`;

exports[`Recipe by step Renders correctly ingredients commponent 1`] = `ReactWrapper {}`;

exports[`Recipe by step Renders correctly recipe commponent 1`] = `ReactWrapper {}`;
