// Jest Snapshot v1, https://goo.gl/fbAQLP

exports[`renders correctly 1`] = `
<div
  className="css-view-1dbjc4n r-display-6koalj r-padding-1sp51qo"
>
  <div
    className="css-view-1dbjc4n r-borderBottomColor-1nd8m0h r-borderBottomWidth-qklmqi"
  >
    <div
      className="css-text-76zvg2 r-color-cqee49 r-fontSize-adyw6z r-fontWeight-vw2c0b r-marginBottom-117bsoe"
      dir="auto"
    >
      What you will need
    </div>
    <div
      className="css-text-76zvg2 r-color-cqee49 r-fontSize-1i10wst r-marginBottom-15d164r"
      dir="auto"
    >
      2lb pork neck bones
    </div>
    <div
      className="css-text-76zvg2 r-color-cqee49 r-fontSize-1i10wst r-marginBottom-15d164r"
      dir="auto"
    >
      2lb beef bones
    </div>
    <div
      className="css-text-76zvg2 r-color-cqee49 r-fontSize-1i10wst r-marginBottom-15d164r"
      dir="auto"
    >
      1lb oxtail
    </div>
  </div>
  <div
    className="css-view-1dbjc4n r-marginTop-1x0uki6"
  >
    <div
      className="css-text-76zvg2 r-color-cqee49 r-fontSize-adyw6z r-fontWeight-vw2c0b r-marginBottom-117bsoe"
      dir="auto"
    >
      How to cook
    </div>
    <div
      className="css-view-1dbjc4n r-alignItems-1habvwh r-display-6koalj r-flexDirection-18u37iz r-flexWrap-1w6e6rj r-justifyContent-1wtj0ep r-marginBottom-117bsoe"
      style={
        Object {
          "WebkitBoxFlex": 0,
          "WebkitFlexGrow": 0,
          "flexGrow": 0,
          "msFlexPositive": 0,
        }
      }
    >
      <div
        className="css-view-1dbjc4n r-alignItems-1awozwy r-justifyContent-1777fci"
        style={
          Object {
            "backgroundColor": "rgba(0,0,0,1.00)",
            "borderBottomColor": "rgba(0,0,0,1.00)",
            "borderBottomLeftRadius": "10px",
            "borderBottomRightRadius": "10px",
            "borderBottomStyle": "solid",
            "borderBottomWidth": "0px",
            "borderLeftColor": "rgba(0,0,0,1.00)",
            "borderLeftStyle": "solid",
            "borderLeftWidth": "0px",
            "borderRightColor": "rgba(0,0,0,1.00)",
            "borderRightStyle": "solid",
            "borderRightWidth": "0px",
            "borderTopColor": "rgba(0,0,0,1.00)",
            "borderTopLeftRadius": "10px",
            "borderTopRightRadius": "10px",
            "borderTopStyle": "solid",
            "borderTopWidth": "0px",
            "boxShadow": "0px 0.75px 1.5px rgba(0,0,0,0.24)",
            "minWidth": "40px",
            "paddingBottom": "5px",
            "paddingLeft": "5px",
            "paddingRight": "5px",
            "paddingTop": "5px",
          }
        }
      >
        <div
          className="css-cursor-18t94o4 css-view-1dbjc4n r-backgroundColor-1niwhzg r-cursor-1loqt21 r-touchAction-1otgn73 r-userSelect-lrvibr"
          data-focusable={true}
          disabled={false}
          onKeyDown={[Function]}
          onKeyPress={[Function]}
          onKeyUp={[Function]}
          onResponderGrant={[Function]}
          onResponderMove={[Function]}
          onResponderRelease={[Function]}
          onResponderTerminate={[Function]}
          onResponderTerminationRequest={[Function]}
          onStartShouldSetResponder={[Function]}
          role="button"
          style={
            Object {
              "borderBottomLeftRadius": "4px",
              "borderBottomRightRadius": "4px",
              "borderTopLeftRadius": "4px",
              "borderTopRightRadius": "4px",
              "overflowX": "hidden",
              "overflowY": "hidden",
            }
          }
          tabIndex="0"
        >
          <div
            className="css-view-1dbjc4n r-alignItems-1awozwy r-flexDirection-18u37iz r-justifyContent-1777fci"
          >
            <div
              className="css-text-76zvg2 css-textOneLine-bfa6kz r-color-cqee49 r-letterSpacing-ud0q2t r-marginHorizontal-1ydw1k6 r-marginVertical-712mwr r-textAlign-q4m81j"
              dir="auto"
              style={
                Object {
                  "direction": "ltr",
                  "fontFamily": "Roboto-Medium, Roboto, \\"Helvetica Neue\\", Helvetica, Arial, sans-serif",
                }
              }
            >
              <span
                className="css-text-76zvg2 css-textHasAncestor-16my406 r-color-jwli3a r-fontSize-adyw6z r-fontWeight-vw2c0b r-textTransform-tsynxw"
                dir="auto"
                style={
                  Object {
                    "direction": "ltr",
                    "fontFamily": "Roboto, \\"Helvetica Neue\\", Helvetica, Arial, sans-serif",
                    "textAlign": "left",
                  }
                }
              >
                1
              </span>
            </div>
          </div>
        </div>
      </div>
      <div
        className="css-text-76zvg2 r-lineHeight-10yl4k r-width-1akxima"
        dir="auto"
      >
        <span
          className="css-text-76zvg2 css-textHasAncestor-16my406 r-backgroundColor-kemksi r-color-jwli3a r-cursor-1loqt21 r-fontSize-1i10wst r-fontWeight-vw2c0b r-paddingLeft-b5h31w r-paddingRight-19gegkz"
          data-focusable={true}
          dir="auto"
          onClick={[Function]}
          onKeyDown={[Function]}
          tabIndex="0"
        >
          Step 1 description
        </span>
      </div>
    </div>
    <div
      className="css-view-1dbjc4n r-alignItems-1habvwh r-display-6koalj r-flexDirection-18u37iz r-flexWrap-1w6e6rj r-justifyContent-1wtj0ep r-marginBottom-117bsoe"
      style={
        Object {
          "WebkitBoxFlex": 0,
          "WebkitFlexGrow": 0,
          "flexGrow": 0,
          "msFlexPositive": 0,
        }
      }
    >
      <div
        className="css-view-1dbjc4n r-alignItems-1awozwy r-backgroundColor-kemksi r-justifyContent-1777fci"
        style={
          Object {
            "borderBottomColor": "rgba(0,0,0,1.00)",
            "borderBottomLeftRadius": "10px",
            "borderBottomRightRadius": "10px",
            "borderBottomStyle": "solid",
            "borderBottomWidth": "0px",
            "borderLeftColor": "rgba(0,0,0,1.00)",
            "borderLeftStyle": "solid",
            "borderLeftWidth": "0px",
            "borderRightColor": "rgba(0,0,0,1.00)",
            "borderRightStyle": "solid",
            "borderRightWidth": "0px",
            "borderTopColor": "rgba(0,0,0,1.00)",
            "borderTopLeftRadius": "10px",
            "borderTopRightRadius": "10px",
            "borderTopStyle": "solid",
            "borderTopWidth": "0px",
            "boxShadow": "0px 0.75px 1.5px rgba(0,0,0,0.24)",
            "minWidth": "40px",
            "paddingBottom": "5px",
            "paddingLeft": "5px",
            "paddingRight": "5px",
            "paddingTop": "5px",
          }
        }
      >
        <div
          className="css-cursor-18t94o4 css-view-1dbjc4n r-backgroundColor-1niwhzg r-cursor-1loqt21 r-touchAction-1otgn73 r-userSelect-lrvibr"
          data-focusable={true}
          disabled={false}
          onKeyDown={[Function]}
          onKeyPress={[Function]}
          onKeyUp={[Function]}
          onResponderGrant={[Function]}
          onResponderMove={[Function]}
          onResponderRelease={[Function]}
          onResponderTerminate={[Function]}
          onResponderTerminationRequest={[Function]}
          onStartShouldSetResponder={[Function]}
          role="button"
          style={
            Object {
              "borderBottomLeftRadius": "4px",
              "borderBottomRightRadius": "4px",
              "borderTopLeftRadius": "4px",
              "borderTopRightRadius": "4px",
              "overflowX": "hidden",
              "overflowY": "hidden",
            }
          }
          tabIndex="0"
        >
          <div
            className="css-view-1dbjc4n r-alignItems-1awozwy r-flexDirection-18u37iz r-justifyContent-1777fci"
          >
            <div
              className="css-text-76zvg2 css-textOneLine-bfa6kz r-color-cqee49 r-letterSpacing-ud0q2t r-marginHorizontal-1ydw1k6 r-marginVertical-712mwr r-textAlign-q4m81j"
              dir="auto"
              style={
                Object {
                  "direction": "ltr",
                  "fontFamily": "Roboto-Medium, Roboto, \\"Helvetica Neue\\", Helvetica, Arial, sans-serif",
                }
              }
            >
              <span
                className="css-text-76zvg2 css-textHasAncestor-16my406 r-color-jwli3a r-fontSize-adyw6z r-fontWeight-vw2c0b r-textTransform-tsynxw"
                dir="auto"
                style={
                  Object {
                    "direction": "ltr",
                    "fontFamily": "Roboto, \\"Helvetica Neue\\", Helvetica, Arial, sans-serif",
                    "textAlign": "left",
                  }
                }
              >
                2
              </span>
            </div>
          </div>
        </div>
      </div>
      <div
        className="css-text-76zvg2 r-lineHeight-10yl4k r-width-1akxima"
        dir="auto"
      >
        <span
          className="css-text-76zvg2 css-textHasAncestor-16my406 r-backgroundColor-kemksi r-color-jwli3a r-cursor-1loqt21 r-fontSize-1i10wst r-fontWeight-vw2c0b r-paddingLeft-b5h31w r-paddingRight-19gegkz"
          data-focusable={true}
          dir="auto"
          onClick={[Function]}
          onKeyDown={[Function]}
          tabIndex="0"
        >
          Step 2 description
        </span>
      </div>
    </div>
    <div
      className="css-view-1dbjc4n r-alignItems-1habvwh r-display-6koalj r-flexDirection-18u37iz r-flexWrap-1w6e6rj r-justifyContent-1wtj0ep r-marginBottom-117bsoe"
      style={
        Object {
          "WebkitBoxFlex": 0,
          "WebkitFlexGrow": 0,
          "flexGrow": 0,
          "msFlexPositive": 0,
        }
      }
    >
      <div
        className="css-view-1dbjc4n r-alignItems-1awozwy r-backgroundColor-kemksi r-justifyContent-1777fci"
        style={
          Object {
            "borderBottomColor": "rgba(0,0,0,1.00)",
            "borderBottomLeftRadius": "10px",
            "borderBottomRightRadius": "10px",
            "borderBottomStyle": "solid",
            "borderBottomWidth": "0px",
            "borderLeftColor": "rgba(0,0,0,1.00)",
            "borderLeftStyle": "solid",
            "borderLeftWidth": "0px",
            "borderRightColor": "rgba(0,0,0,1.00)",
            "borderRightStyle": "solid",
            "borderRightWidth": "0px",
            "borderTopColor": "rgba(0,0,0,1.00)",
            "borderTopLeftRadius": "10px",
            "borderTopRightRadius": "10px",
            "borderTopStyle": "solid",
            "borderTopWidth": "0px",
            "boxShadow": "0px 0.75px 1.5px rgba(0,0,0,0.24)",
            "minWidth": "40px",
            "paddingBottom": "5px",
            "paddingLeft": "5px",
            "paddingRight": "5px",
            "paddingTop": "5px",
          }
        }
      >
        <div
          className="css-cursor-18t94o4 css-view-1dbjc4n r-backgroundColor-1niwhzg r-cursor-1loqt21 r-touchAction-1otgn73 r-userSelect-lrvibr"
          data-focusable={true}
          disabled={false}
          onKeyDown={[Function]}
          onKeyPress={[Function]}
          onKeyUp={[Function]}
          onResponderGrant={[Function]}
          onResponderMove={[Function]}
          onResponderRelease={[Function]}
          onResponderTerminate={[Function]}
          onResponderTerminationRequest={[Function]}
          onStartShouldSetResponder={[Function]}
          role="button"
          style={
            Object {
              "borderBottomLeftRadius": "4px",
              "borderBottomRightRadius": "4px",
              "borderTopLeftRadius": "4px",
              "borderTopRightRadius": "4px",
              "overflowX": "hidden",
              "overflowY": "hidden",
            }
          }
          tabIndex="0"
        >
          <div
            className="css-view-1dbjc4n r-alignItems-1awozwy r-flexDirection-18u37iz r-justifyContent-1777fci"
          >
            <div
              className="css-text-76zvg2 css-textOneLine-bfa6kz r-color-cqee49 r-letterSpacing-ud0q2t r-marginHorizontal-1ydw1k6 r-marginVertical-712mwr r-textAlign-q4m81j"
              dir="auto"
              style={
                Object {
                  "direction": "ltr",
                  "fontFamily": "Roboto-Medium, Roboto, \\"Helvetica Neue\\", Helvetica, Arial, sans-serif",
                }
              }
            >
              <span
                className="css-text-76zvg2 css-textHasAncestor-16my406 r-color-jwli3a r-fontSize-adyw6z r-fontWeight-vw2c0b r-textTransform-tsynxw"
                dir="auto"
                style={
                  Object {
                    "direction": "ltr",
                    "fontFamily": "Roboto, \\"Helvetica Neue\\", Helvetica, Arial, sans-serif",
                    "textAlign": "left",
                  }
                }
              >
                3
              </span>
            </div>
          </div>
        </div>
      </div>
      <div
        className="css-text-76zvg2 r-lineHeight-10yl4k r-width-1akxima"
        dir="auto"
      >
        <span
          className="css-text-76zvg2 css-textHasAncestor-16my406 r-backgroundColor-kemksi r-color-jwli3a r-cursor-1loqt21 r-fontSize-1i10wst r-fontWeight-vw2c0b r-paddingLeft-b5h31w r-paddingRight-19gegkz"
          data-focusable={true}
          dir="auto"
          onClick={[Function]}
          onKeyDown={[Function]}
          tabIndex="0"
        >
          Step 3 description
        </span>
      </div>
    </div>
    <div
      className="css-view-1dbjc4n r-alignItems-1habvwh r-display-6koalj r-flexDirection-18u37iz r-flexWrap-1w6e6rj r-justifyContent-1wtj0ep r-marginBottom-117bsoe"
      style={
        Object {
          "WebkitBoxFlex": 0,
          "WebkitFlexGrow": 0,
          "flexGrow": 0,
          "msFlexPositive": 0,
        }
      }
    >
      <div
        className="css-view-1dbjc4n r-alignItems-1awozwy r-backgroundColor-kemksi r-justifyContent-1777fci"
        style={
          Object {
            "borderBottomColor": "rgba(0,0,0,1.00)",
            "borderBottomLeftRadius": "10px",
            "borderBottomRightRadius": "10px",
            "borderBottomStyle": "solid",
            "borderBottomWidth": "0px",
            "borderLeftColor": "rgba(0,0,0,1.00)",
            "borderLeftStyle": "solid",
            "borderLeftWidth": "0px",
            "borderRightColor": "rgba(0,0,0,1.00)",
            "borderRightStyle": "solid",
            "borderRightWidth": "0px",
            "borderTopColor": "rgba(0,0,0,1.00)",
            "borderTopLeftRadius": "10px",
            "borderTopRightRadius": "10px",
            "borderTopStyle": "solid",
            "borderTopWidth": "0px",
            "boxShadow": "0px 0.75px 1.5px rgba(0,0,0,0.24)",
            "minWidth": "40px",
            "paddingBottom": "5px",
            "paddingLeft": "5px",
            "paddingRight": "5px",
            "paddingTop": "5px",
          }
        }
      >
        <div
          className="css-cursor-18t94o4 css-view-1dbjc4n r-backgroundColor-1niwhzg r-cursor-1loqt21 r-touchAction-1otgn73 r-userSelect-lrvibr"
          data-focusable={true}
          disabled={false}
          onKeyDown={[Function]}
          onKeyPress={[Function]}
          onKeyUp={[Function]}
          onResponderGrant={[Function]}
          onResponderMove={[Function]}
          onResponderRelease={[Function]}
          onResponderTerminate={[Function]}
          onResponderTerminationRequest={[Function]}
          onStartShouldSetResponder={[Function]}
          role="button"
          style={
            Object {
              "borderBottomLeftRadius": "4px",
              "borderBottomRightRadius": "4px",
              "borderTopLeftRadius": "4px",
              "borderTopRightRadius": "4px",
              "overflowX": "hidden",
              "overflowY": "hidden",
            }
          }
          tabIndex="0"
        >
          <div
            className="css-view-1dbjc4n r-alignItems-1awozwy r-flexDirection-18u37iz r-justifyContent-1777fci"
          >
            <div
              className="css-text-76zvg2 css-textOneLine-bfa6kz r-color-cqee49 r-letterSpacing-ud0q2t r-marginHorizontal-1ydw1k6 r-marginVertical-712mwr r-textAlign-q4m81j"
              dir="auto"
              style={
                Object {
                  "direction": "ltr",
                  "fontFamily": "Roboto-Medium, Roboto, \\"Helvetica Neue\\", Helvetica, Arial, sans-serif",
                }
              }
            >
              <span
                className="css-text-76zvg2 css-textHasAncestor-16my406 r-color-jwli3a r-fontSize-adyw6z r-fontWeight-vw2c0b r-textTransform-tsynxw"
                dir="auto"
                style={
                  Object {
                    "direction": "ltr",
                    "fontFamily": "Roboto, \\"Helvetica Neue\\", Helvetica, Arial, sans-serif",
                    "textAlign": "left",
                  }
                }
              >
                4
              </span>
            </div>
          </div>
        </div>
      </div>
      <div
        className="css-text-76zvg2 r-lineHeight-10yl4k r-width-1akxima"
        dir="auto"
      >
        <span
          className="css-text-76zvg2 css-textHasAncestor-16my406 r-backgroundColor-kemksi r-color-jwli3a r-cursor-1loqt21 r-fontSize-1i10wst r-fontWeight-vw2c0b r-paddingLeft-b5h31w r-paddingRight-19gegkz"
          data-focusable={true}
          dir="auto"
          onClick={[Function]}
          onKeyDown={[Function]}
          tabIndex="0"
        >
          Step 4 description
        </span>
      </div>
    </div>
    <div
      className="css-view-1dbjc4n r-alignItems-1habvwh r-display-6koalj r-flexDirection-18u37iz r-flexWrap-1w6e6rj r-justifyContent-1wtj0ep r-marginBottom-117bsoe"
      style={
        Object {
          "WebkitBoxFlex": 0,
          "WebkitFlexGrow": 0,
          "flexGrow": 0,
          "msFlexPositive": 0,
        }
      }
    >
      <div
        className="css-view-1dbjc4n r-alignItems-1awozwy r-backgroundColor-kemksi r-justifyContent-1777fci"
        style={
          Object {
            "borderBottomColor": "rgba(0,0,0,1.00)",
            "borderBottomLeftRadius": "10px",
            "borderBottomRightRadius": "10px",
            "borderBottomStyle": "solid",
            "borderBottomWidth": "0px",
            "borderLeftColor": "rgba(0,0,0,1.00)",
            "borderLeftStyle": "solid",
            "borderLeftWidth": "0px",
            "borderRightColor": "rgba(0,0,0,1.00)",
            "borderRightStyle": "solid",
            "borderRightWidth": "0px",
            "borderTopColor": "rgba(0,0,0,1.00)",
            "borderTopLeftRadius": "10px",
            "borderTopRightRadius": "10px",
            "borderTopStyle": "solid",
            "borderTopWidth": "0px",
            "boxShadow": "0px 0.75px 1.5px rgba(0,0,0,0.24)",
            "minWidth": "40px",
            "paddingBottom": "5px",
            "paddingLeft": "5px",
            "paddingRight": "5px",
            "paddingTop": "5px",
          }
        }
      >
        <div
          className="css-cursor-18t94o4 css-view-1dbjc4n r-backgroundColor-1niwhzg r-cursor-1loqt21 r-touchAction-1otgn73 r-userSelect-lrvibr"
          data-focusable={true}
          disabled={false}
          onKeyDown={[Function]}
          onKeyPress={[Function]}
          onKeyUp={[Function]}
          onResponderGrant={[Function]}
          onResponderMove={[Function]}
          onResponderRelease={[Function]}
          onResponderTerminate={[Function]}
          onResponderTerminationRequest={[Function]}
          onStartShouldSetResponder={[Function]}
          role="button"
          style={
            Object {
              "borderBottomLeftRadius": "4px",
              "borderBottomRightRadius": "4px",
              "borderTopLeftRadius": "4px",
              "borderTopRightRadius": "4px",
              "overflowX": "hidden",
              "overflowY": "hidden",
            }
          }
          tabIndex="0"
        >
          <div
            className="css-view-1dbjc4n r-alignItems-1awozwy r-flexDirection-18u37iz r-justifyContent-1777fci"
          >
            <div
              className="css-text-76zvg2 css-textOneLine-bfa6kz r-color-cqee49 r-letterSpacing-ud0q2t r-marginHorizontal-1ydw1k6 r-marginVertical-712mwr r-textAlign-q4m81j"
              dir="auto"
              style={
                Object {
                  "direction": "ltr",
                  "fontFamily": "Roboto-Medium, Roboto, \\"Helvetica Neue\\", Helvetica, Arial, sans-serif",
                }
              }
            >
              <span
                className="css-text-76zvg2 css-textHasAncestor-16my406 r-color-jwli3a r-fontSize-adyw6z r-fontWeight-vw2c0b r-textTransform-tsynxw"
                dir="auto"
                style={
                  Object {
                    "direction": "ltr",
                    "fontFamily": "Roboto, \\"Helvetica Neue\\", Helvetica, Arial, sans-serif",
                    "textAlign": "left",
                  }
                }
              >
                5
              </span>
            </div>
          </div>
        </div>
      </div>
      <div
        className="css-text-76zvg2 r-lineHeight-10yl4k r-width-1akxima"
        dir="auto"
      >
        <span
          className="css-text-76zvg2 css-textHasAncestor-16my406 r-backgroundColor-kemksi r-color-jwli3a r-cursor-1loqt21 r-fontSize-1i10wst r-fontWeight-vw2c0b r-paddingLeft-b5h31w r-paddingRight-19gegkz"
          data-focusable={true}
          dir="auto"
          onClick={[Function]}
          onKeyDown={[Function]}
          tabIndex="0"
        >
          Step 5 description
        </span>
      </div>
    </div>
    <div
      className="css-view-1dbjc4n r-alignItems-1habvwh r-display-6koalj r-flexDirection-18u37iz r-flexWrap-1w6e6rj r-justifyContent-1wtj0ep r-marginBottom-117bsoe"
      style={
        Object {
          "WebkitBoxFlex": 0,
          "WebkitFlexGrow": 0,
          "flexGrow": 0,
          "msFlexPositive": 0,
        }
      }
    >
      <div
        className="css-view-1dbjc4n r-alignItems-1awozwy r-backgroundColor-kemksi r-justifyContent-1777fci"
        style={
          Object {
            "borderBottomColor": "rgba(0,0,0,1.00)",
            "borderBottomLeftRadius": "10px",
            "borderBottomRightRadius": "10px",
            "borderBottomStyle": "solid",
            "borderBottomWidth": "0px",
            "borderLeftColor": "rgba(0,0,0,1.00)",
            "borderLeftStyle": "solid",
            "borderLeftWidth": "0px",
            "borderRightColor": "rgba(0,0,0,1.00)",
            "borderRightStyle": "solid",
            "borderRightWidth": "0px",
            "borderTopColor": "rgba(0,0,0,1.00)",
            "borderTopLeftRadius": "10px",
            "borderTopRightRadius": "10px",
            "borderTopStyle": "solid",
            "borderTopWidth": "0px",
            "boxShadow": "0px 0.75px 1.5px rgba(0,0,0,0.24)",
            "minWidth": "40px",
            "paddingBottom": "5px",
            "paddingLeft": "5px",
            "paddingRight": "5px",
            "paddingTop": "5px",
          }
        }
      >
        <div
          className="css-cursor-18t94o4 css-view-1dbjc4n r-backgroundColor-1niwhzg r-cursor-1loqt21 r-touchAction-1otgn73 r-userSelect-lrvibr"
          data-focusable={true}
          disabled={false}
          onKeyDown={[Function]}
          onKeyPress={[Function]}
          onKeyUp={[Function]}
          onResponderGrant={[Function]}
          onResponderMove={[Function]}
          onResponderRelease={[Function]}
          onResponderTerminate={[Function]}
          onResponderTerminationRequest={[Function]}
          onStartShouldSetResponder={[Function]}
          role="button"
          style={
            Object {
              "borderBottomLeftRadius": "4px",
              "borderBottomRightRadius": "4px",
              "borderTopLeftRadius": "4px",
              "borderTopRightRadius": "4px",
              "overflowX": "hidden",
              "overflowY": "hidden",
            }
          }
          tabIndex="0"
        >
          <div
            className="css-view-1dbjc4n r-alignItems-1awozwy r-flexDirection-18u37iz r-justifyContent-1777fci"
          >
            <div
              className="css-text-76zvg2 css-textOneLine-bfa6kz r-color-cqee49 r-letterSpacing-ud0q2t r-marginHorizontal-1ydw1k6 r-marginVertical-712mwr r-textAlign-q4m81j"
              dir="auto"
              style={
                Object {
                  "direction": "ltr",
                  "fontFamily": "Roboto-Medium, Roboto, \\"Helvetica Neue\\", Helvetica, Arial, sans-serif",
                }
              }
            >
              <span
                className="css-text-76zvg2 css-textHasAncestor-16my406 r-color-jwli3a r-fontSize-adyw6z r-fontWeight-vw2c0b r-textTransform-tsynxw"
                dir="auto"
                style={
                  Object {
                    "direction": "ltr",
                    "fontFamily": "Roboto, \\"Helvetica Neue\\", Helvetica, Arial, sans-serif",
                    "textAlign": "left",
                  }
                }
              >
                6
              </span>
            </div>
          </div>
        </div>
      </div>
      <div
        className="css-text-76zvg2 r-lineHeight-10yl4k r-width-1akxima"
        dir="auto"
      >
        <span
          className="css-text-76zvg2 css-textHasAncestor-16my406 r-backgroundColor-kemksi r-color-jwli3a r-cursor-1loqt21 r-fontSize-1i10wst r-fontWeight-vw2c0b r-paddingLeft-b5h31w r-paddingRight-19gegkz"
          data-focusable={true}
          dir="auto"
          onClick={[Function]}
          onKeyDown={[Function]}
          tabIndex="0"
        >
          Step 6 description
        </span>
      </div>
    </div>
  </div>
</div>
`;
