// Jest Snapshot v1, https://goo.gl/fbAQLP

exports[`Recipe by step Render direction component with size medium 1`] = `ShallowWrapper {}`;

exports[`Recipe by step Render direction component with step info 1`] = `ShallowWrapper {}`;

exports[`Recipe by step Render directions component with recipe description 1`] = `ReactWrapper {}`;

exports[`Recipe by step Render directions component with size medium 1`] = `ReactWrapper {}`;

exports[`Recipe by step Render directions component with steps array 1`] = `ReactWrapper {}`;

exports[`Recipe by step Render ingredient component with size medium 1`] = `ShallowWrapper {}`;

exports[`Recipe by step Render ingredient component with text 1`] = `ShallowWrapper {}`;

exports[`Recipe by step Render ingredients component with size medium 1`] = `ReactWrapper {}`;

exports[`Recipe by step Render recipe component with size medium 1`] = `ReactWrapper {}`;

exports[`Recipe by step renders correctly direction commponent 1`] = `ShallowWrapper {}`;

exports[`Recipe by step renders correctly directions commponent 1`] = `ReactWrapper {}`;

exports[`Recipe by step renders correctly ingredient component 1`] = `ShallowWrapper {}`;

exports[`Recipe by step renders correctly ingredients commponent 1`] = `ReactWrapper {}`;

exports[`Recipe by step renders correctly recipe commponent 1`] = `ReactWrapper {}`;
